################################################################################
#                                                                              #
#      IAR Universal Linker V5.0.2.5/W32                                       #
#                                                                              #
#           Link time     =  13/Jun/2013  16:30:27                             #
#           Target CPU    =  x51                                               #
#           List file     =  "D:\work\andy2530\3.无线传输质量检测\andy CC2530  #
#                            BasicRF\ide\srf05_cc2530_91\iar\temp\light_switch #
#                            .map"                                             #
#           Output file 1 =  "D:\work\andy2530\3.无线传输质量检测\andy CC2530  #
#                            BasicRF\ide\srf05_cc2530_91\iar\light_switch.hex" #
#                            Format: intel-extended                            #
#           Output file 2 =  "D:\work\andy2530\3.无线传输质量检测\andy CC2530  #
#                            BasicRF\ide\srf05_cc2530_91\iar\light_switch.d51" #
#                            Format: debug                                     #
#                            UBROF version 10.0.3                              #
#                            Using library modules for C-SPY (-rt)             #
#           Command line  =  "-IC:\Program Files\IAR Systems\Embedded Workbenc #
#                            h 6.0 Evaluation\8051\CONFIG\"                    #
#                            -D_NR_OF_BANKS=0 -D_CODEBANK_END=0                #
#                            -D_CODEBANK_START=0                               #
#                            "D:\work\andy2530\3.无线传输质量检测\andy CC2530  #
#                            BasicRF\ide\srf05_cc2530_91\iar\temp\light_switch #
#                            \adc.r51"                                         #
#                            "D:\work\andy2530\3.无线传输质量检测\andy CC2530  #
#                            BasicRF\ide\srf05_cc2530_91\iar\temp\light_switch #
#                            \basic_rf.r51"                                    #
#                            "D:\work\andy2530\3.无线传输质量检测\andy CC2530  #
#                            BasicRF\ide\srf05_cc2530_91\iar\temp\light_switch #
#                            \basic_rf_security.r51"                           #
#                            "D:\work\andy2530\3.无线传输质量检测\andy CC2530  #
#                            BasicRF\ide\srf05_cc2530_91\iar\temp\light_switch #
#                            \clock.r51"                                       #
#                            "D:\work\andy2530\3.无线传输质量检测\andy CC2530  #
#                            BasicRF\ide\srf05_cc2530_91\iar\temp\light_switch #
#                            \hal_assert.r51"                                  #
#                            "D:\work\andy2530\3.无线传输质量检测\andy CC2530  #
#                            BasicRF\ide\srf05_cc2530_91\iar\temp\light_switch #
#                            \hal_board.r51"                                   #
#                            "D:\work\andy2530\3.无线传输质量检测\andy CC2530  #
#                            BasicRF\ide\srf05_cc2530_91\iar\temp\light_switch #
#                            \hal_button.r51"                                  #
#                            "D:\work\andy2530\3.无线传输质量检测\andy CC2530  #
#                            BasicRF\ide\srf05_cc2530_91\iar\temp\light_switch #
#                            \hal_digio.r51"                                   #
#                            "D:\work\andy2530\3.无线传输质量检测\andy CC2530  #
#                            BasicRF\ide\srf05_cc2530_91\iar\temp\light_switch #
#                            \hal_int.r51"                                     #
#                            "D:\work\andy2530\3.无线传输质量检测\andy CC2530  #
#                            BasicRF\ide\srf05_cc2530_91\iar\temp\light_switch #
#                            \hal_joystick.r51"                                #
#                            "D:\work\andy2530\3.无线传输质量检测\andy CC2530  #
#                            BasicRF\ide\srf05_cc2530_91\iar\temp\light_switch #
#                            \hal_lcd_srf05.r51"                               #
#                            "D:\work\andy2530\3.无线传输质量检测\andy CC2530  #
#                            BasicRF\ide\srf05_cc2530_91\iar\temp\light_switch #
#                            \hal_led.r51"                                     #
#                            "D:\work\andy2530\3.无线传输质量检测\andy CC2530  #
#                            BasicRF\ide\srf05_cc2530_91\iar\temp\light_switch #
#                            \hal_mcu.r51"                                     #
#                            "D:\work\andy2530\3.无线传输质量检测\andy CC2530  #
#                            BasicRF\ide\srf05_cc2530_91\iar\temp\light_switch #
#                            \hal_rf.r51"                                      #
#                            "D:\work\andy2530\3.无线传输质量检测\andy CC2530  #
#                            BasicRF\ide\srf05_cc2530_91\iar\temp\light_switch #
#                            \hal_rf_security.r51"                             #
#                            "D:\work\andy2530\3.无线传输质量检测\andy CC2530  #
#                            BasicRF\ide\srf05_cc2530_91\iar\temp\light_switch #
#                            \light_switch.r51"                                #
#                            "D:\work\andy2530\3.无线传输质量检测\andy CC2530  #
#                            BasicRF\ide\srf05_cc2530_91\iar\temp\light_switch #
#                            \util.r51"                                        #
#                            "D:\work\andy2530\3.无线传输质量检测\andy CC2530  #
#                            BasicRF\ide\srf05_cc2530_91\iar\temp\light_switch #
#                            \util_buffer.r51"                                 #
#                            "D:\work\andy2530\3.无线传输质量检测\andy CC2530  #
#                            BasicRF\ide\srf05_cc2530_91\iar\temp\light_switch #
#                            \util_lcd.r51"                                    #
#                            -o                                                #
#                            "D:\work\andy2530\3.无线传输质量检测\andy CC2530  #
#                            BasicRF\ide\srf05_cc2530_91\iar\light_switch.d51" #
#                            -l                                                #
#                            "D:\work\andy2530\3.无线传输质量检测\andy CC2530  #
#                            BasicRF\ide\srf05_cc2530_91\iar\temp\light_switch #
#                            .map"                                             #
#                            -xmsn                                             #
#                            "-IC:\Program Files\IAR Systems\Embedded Workbenc #
#                            h 6.0 Evaluation\8051\LIB\"                       #
#                            -f                                                #
#                            "C:\Program Files\IAR Systems\Embedded Workbench  #
#                            6.0 Evaluation\8051\config\devices\Texas Instrume #
#                            nts\lnk51ew_cc2530F256.xcl"                       #
#                            (-D_IDATA0_START=0x00 -D_IDATA0_END=0xFF          #
#                            -D_PDATA0_START=0x1E00 -D_PDATA0_END=0x1EFF       #
#                            -D_IXDATA0_START=0x0001 -D_IXDATA0_END=0x1EFF     #
#                            -D_XDATA0_START=_IXDATA0_START                    #
#                            -D_XDATA0_END=_IXDATA0_END                        #
#                            -D_CODE0_START=0x0000 -D_CODE0_END=0xFFFF         #
#                            -D?REGISTER_BANK=0x0 -D_REGISTER_BANK_START=0x0   #
#                            -D_BREG_START=0x00 -D?VB=0x20 -D?ESP=0x9B         #
#                            -Z(BIT)BREG=_BREG_START -Z(BIT)BIT_N=0-7F         #
#                            -Z(DATA)REGISTERS+8=_REGISTER_BANK_START          #
#                            -Z(DATA)BDATA_Z,BDATA_N,BDATA_I=20-2F             #
#                            -Z(DATA)VREG+_NR_OF_VIRTUAL_REGISTERS=08-7F       #
#                            -Z(DATA)PSP,XSP=08-7F -Z(DATA)DOVERLAY=08-7F      #
#                            -Z(DATA)DATA_I,DATA_Z,DATA_N=08-7F                #
#                            -U(IDATA)0-7F=(DATA)0-7F                          #
#                            -Z(IDATA)IDATA_I,IDATA_Z,IDATA_N=08-_IDATA0_END   #
#                            -Z(IDATA)ISTACK+_IDATA_STACK_SIZE#08-_IDATA0_END  #
#                            -Z(IDATA)IOVERLAY=08-FF -Z(CODE)INTVEC=0          #
#                            -Z(CODE)CSTART=_CODE0_START-_CODE0_END            #
#                            -Z(CODE)BIT_ID,BDATA_ID,DATA_ID,IDATA_ID,IXDATA_I #
#                            D,PDATA_ID,XDATA_ID=_CODE0_START-_CODE0_END       #
#                            -Z(CODE)RCODE,DIFUNCT,CODE_C,CODE_N,NEAR_CODE=_CO #
#                            DE0_START-_CODE0_END                              #
#                            -Z(CODE)CHECKSUM#_CODE0_END                       #
#                            -Z(XDATA)PDATA_Z,PDATA_I=_PDATA0_START-_PDATA0_EN #
#                            D                                                 #
#                            -P(XDATA)PDATA_N=_PDATA0_START-_PDATA0_END        #
#                            -Z(XDATA)PSTACK+_PDATA_STACK_SIZE=_PDATA0_START-_ #
#                            PDATA0_END                                        #
#                            -Z(XDATA)EXT_STACK+_EXTENDED_STACK_SIZE=_EXTENDED #
#                            _STACK_START                                      #
#                            -Z(XDATA)XSTACK+_XDATA_STACK_SIZE=_XDATA0_START-_ #
#                            XDATA0_END                                        #
#                            -Z(XDATA)IXDATA_Z,IXDATA_I=_IXDATA0_START-_IXDATA #
#                            0_END                                             #
#                            -P(XDATA)IXDATA_N=_IXDATA0_START-_IXDATA0_END     #
#                            -Z(XDATA)XDATA_Z,XDATA_I=_XDATA0_START-_XDATA0_EN #
#                            D                                                 #
#                            -P(XDATA)XDATA_N=_XDATA0_START-_XDATA0_END        #
#                            -Z(XDATA)XDATA_HEAP+_XDATA_HEAP_SIZE=_XDATA0_STAR #
#                            T-_XDATA0_END                                     #
#                            -Z(CONST)XDATA_ROM_C=_XDATA0_START-_XDATA0_END    #
#                            -cx51) -D_NR_OF_VIRTUAL_REGISTERS=8               #
#                            -D?PBANK=0x93 -e_medium_write=_formatted_write    #
#                            -e_medium_read=_formatted_read -rt                #
#                            "-Ointel-extended=D:\work\andy2530\3.无线传输质量 #
#                            检测\andy CC2530 BasicRF\ide\srf05_cc2530_91\iar\ #
#                            light_switch.hex"                                 #
#                            -s __program_start                                #
#                            "C:\Program Files\IAR Systems\Embedded Workbench  #
#                            6.0 Evaluation\8051\LIB\CLIB\cl-pli-nlxd-1e16x01. #
#                            r51"                                              #
#                            -D_IDATA_STACK_SIZE=0x40                          #
#                            -D_EXTENDED_STACK_START=0x00                      #
#                            -D_EXTENDED_STACK_SIZE=0x00                       #
#                            -D_PDATA_STACK_SIZE=0x80                          #
#                            -D_XDATA_STACK_SIZE=0x100                         #
#                            -D_XDATA_HEAP_SIZE=0xFF -D_FAR_HEAP_SIZE=0xFFF    #
#                            -D_HUGE_HEAP_SIZE=0xFFF                           #
#                            -D_FAR22_HEAP_SIZE=0xFFF                          #
#                                                                              #
#                           Copyright (C) 1987-2010 IAR Systems AB.            #
################################################################################





                ****************************************
                *                                      *
                *           CROSS REFERENCE            *
                *                                      *
                ****************************************

       Program entry at : CODE      000000D3  Relocatable, from module : CSTARTUP




                ****************************************
                *                                      *
                *            RUNTIME MODEL             *
                *                                      *
                ****************************************

  __SystemLibrary          = CLib
  __calling_convention     = xdata_reentrant
  __code_model             = near
  __core                   = plain
  __data_model             = large
  __dptr_size              = 16
  __extended_stack         = disabled
  __location_for_constants = data
  __number_of_dptrs        = 1
  __rt_version             = 1



                ****************************************
                *                                      *
                *              MODULE MAP              *
                *                                      *
                ****************************************


  DEFINED ABSOLUTE ENTRIES
    *************************************************************************

  DEFINED ABSOLUTE ENTRIES
  PROGRAM MODULE, NAME : ?ABS_ENTRY_MOD

Absolute parts
           ENTRY                   ADDRESS         REF BY
           =====                   =======         ======
           _FAR22_HEAP_SIZE        00000FFF 
           _HUGE_HEAP_SIZE         00000FFF 
           _FAR_HEAP_SIZE          00000FFF 
           _XDATA_HEAP_SIZE        000000FF 
           _XDATA_STACK_SIZE       00000100 
           _PDATA_STACK_SIZE       00000080 
           _EXTENDED_STACK_SIZE    00000000 
           _EXTENDED_STACK_START   00000000 
           _IDATA_STACK_SIZE       00000040 
           ?PBANK                  00000093 
           _NR_OF_VIRTUAL_REGISTERS
                                   00000008 
           ?ESP                    0000009B 
           ?VB                     00000020        ?FUNC_ENTER_XDATA (?FUNC_ENTER_XDATA)
                                                   ?FUNC_LEAVE_XDATA (?FUNC_LEAVE_XDATA)
                                                   ?INTERRUPT_ENTER_XSP (?INTERRUPT_ENTER_XSP)
                                                   ?INTERRUPT_LEAVE_XSP (?INTERRUPT_LEAVE_XSP)
           _BREG_START             00000000 
           _REGISTER_BANK_START    00000000 
           ?REGISTER_BANK          00000000        Segment part 6 (CSTARTUP)
           _CODE0_END              0000FFFF 
           _CODE0_START            00000000 
           _XDATA0_END             00001EFF 
           _XDATA0_START           00000001 
           _IXDATA0_END            00001EFF 
           _IXDATA0_START          00000001 
           _PDATA0_END             00001EFF 
           _PDATA0_START           00001E00 
           _IDATA0_END             000000FF 
           _IDATA0_START           00000000 
           _CODEBANK_START         00000000 
           _CODEBANK_END           00000000 
           _NR_OF_BANKS            00000000 
    *************************************************************************

  FILE NAME : D:\work\andy2530\3.无线传输质量检测\andy CC2530 BasicRF\ide\srf05_cc2530_91\iar\temp\light_switch\adc.r51
  PROGRAM MODULE, NAME : adc

  SEGMENTS IN THE MODULE
  ======================
SFR_AN
  Relative segment, address: DATA 00000088 - 00000088 (0x1 bytes), align: 0
  Segment part 1. ROOT.
           ENTRY                   ADDRESS         REF BY
           =====                   =======         ======
           _A_TCON                 00000088 
           LOCAL                   ADDRESS         
           =====                   =======         
           TCON                    00000088 
    -------------------------------------------------------------------------
SFR_AN
  Relative segment, address: DATA 000000B6 - 000000B6 (0x1 bytes), align: 0
  Segment part 2. ROOT.
           ENTRY                   ADDRESS         REF BY
           =====                   =======         ======
           ADCCON3                 000000B6 
    -------------------------------------------------------------------------
SFR_AN
  Relative segment, address: DATA 000000BA - 000000BA (0x1 bytes), align: 0
  Segment part 3. ROOT.
           ENTRY                   ADDRESS         REF BY
           =====                   =======         ======
           ADCL                    000000BA 
    -------------------------------------------------------------------------
SFR_AN
  Relative segment, address: DATA 000000BB - 000000BB (0x1 bytes), align: 0
  Segment part 4. ROOT.
           ENTRY                   ADDRESS         REF BY
           =====                   =======         ======
           ADCH                    000000BB 
    -------------------------------------------------------------------------
SFR_AN
  Relative segment, address: DATA 000000F2 - 000000F2 (0x1 bytes), align: 0
  Segment part 5. ROOT.
           ENTRY                   ADDRESS         REF BY
           =====                   =======         ======
           ADCCFG                  000000F2 

    *************************************************************************

  FILE NAME : D:\work\andy2530\3.无线传输质量检测\andy CC2530 BasicRF\ide\srf05_cc2530_91\iar\temp\light_switch\basic_rf.r51
  PROGRAM MODULE, NAME : basic_rf

  SEGMENTS IN THE MODULE
  ======================
XDATA_I
  Relative segment, address: XDATA 00000231 - 0000023C (0xc bytes), align: 0
  Segment part 6.             Intra module refs:   basicRfInit
                                                   basicRfRxFrmDoneIsr
           LOCAL                   ADDRESS         
           =====                   =======         
           rxi                     00000231 
    -------------------------------------------------------------------------
XDATA_I
  Relative segment, address: XDATA 0000023D - 00000240 (0x4 bytes), align: 0
  Segment part 12.            Intra module refs:   basicRfInit
           ENTRY                   ADDRESS         REF BY
           =====                   =======         ======
           __Constant_0            0000023D 
    -------------------------------------------------------------------------
XDATA_Z
  Relative segment, address: XDATA 00000101 - 00000107 (0x7 bytes), align: 0
  Segment part 8.             Intra module refs:   basicRfInit
                                                   basicRfReceiveOff
                                                   basicRfRxFrmDoneIsr
                                                   basicRfSendPacket
           LOCAL                   ADDRESS         
           =====                   =======         
           txState                 00000101 
    -------------------------------------------------------------------------
XDATA_Z
  Relative segment, address: XDATA 00000108 - 00000109 (0x2 bytes), align: 0
  Segment part 9.             Intra module refs:   ?Subroutine3
                                                   ?Subroutine4
                                                   basicRfInit
                                                   basicRfSendPacket
           LOCAL                   ADDRESS         
           =====                   =======         
           pConfig                 00000108 
    -------------------------------------------------------------------------
XDATA_Z
  Relative segment, address: XDATA 0000010A - 0000017C (0x73 bytes), align: 0
  Segment part 10.            Intra module refs:   basicRfSendPacket
           LOCAL                   ADDRESS         
           =====                   =======         
           txMpdu                  0000010A 
    -------------------------------------------------------------------------
XDATA_Z
  Relative segment, address: XDATA 0000017D - 000001FC (0x80 bytes), align: 0
  Segment part 11.            Intra module refs:   basicRfRxFrmDoneIsr
           LOCAL                   ADDRESS         
           =====                   =======         
           rxMpdu                  0000017D 
    -------------------------------------------------------------------------
NEAR_CODE
  Relative segment, address: CODE 00000281 - 0000036C (0xec bytes), align: 0
  Segment part 14.            Intra module refs:   basicRfInit
           LOCAL                   ADDRESS         
           =====                   =======         
           basicRfRxFrmDoneIsr     00000281 
               calls direct, is indirectly called
               ISTACK = 00000000 ( 00000002 )
    -------------------------------------------------------------------------
NEAR_CODE
  Relative segment, address: CODE 0000036D - 000003D4 (0x68 bytes), align: 0
  Segment part 15.
           ENTRY                   ADDRESS         REF BY
           =====                   =======         ======
           basicRfInit             0000036D        main (light_switch)
               calls direct
               ISTACK = 00000000 ( 00000002 )
    -------------------------------------------------------------------------
NEAR_CODE
  Relative segment, address: CODE 000003D5 - 000003D8 (0x4 bytes), align: 0
  Segment part 16.            Intra module refs:   basicRfInit
           LOCAL                   ADDRESS         
           =====                   =======         
           ?Subroutine2            000003D5 
    -------------------------------------------------------------------------
NEAR_CODE
  Relative segment, address: CODE 000003D9 - 000003DE (0x6 bytes), align: 0
  Segment part 17.            Intra module refs:   ?Subroutine1
                                                   ?Subroutine2
           LOCAL                   ADDRESS         
           =====                   =======         
           ?Subroutine4            000003D9 
    -------------------------------------------------------------------------
NEAR_CODE
  Relative segment, address: CODE 000003DF - 000003E6 (0x8 bytes), align: 0
  Segment part 18.            Intra module refs:   ?Subroutine4
                                                   basicRfSendPacket
    -------------------------------------------------------------------------
NEAR_CODE
  Relative segment, address: CODE 000003E7 - 000003EB (0x5 bytes), align: 0
  Segment part 20.            Intra module refs:   basicRfInit
                                                   basicRfReceiveOff
                                                   basicRfRxFrmDoneIsr
    -------------------------------------------------------------------------
NEAR_CODE
  Relative segment, address: CODE 000003EC - 000004D0 (0xe5 bytes), align: 0
  Segment part 21.
           ENTRY                   ADDRESS         REF BY
           =====                   =======         ======
           basicRfSendPacket       000003EC        main (light_switch)
               calls direct
               XSTACK = 00000000 ( 0000000A )
               ISTACK = 00000000 ( 00000001 )
    -------------------------------------------------------------------------
NEAR_CODE
  Relative segment, address: CODE 000004D1 - 000004DD (0xd bytes), align: 0
  Segment part 22.            Intra module refs:   basicRfInit
                                                   basicRfSendPacket
           LOCAL                   ADDRESS         
           =====                   =======         
           ?Subroutine3            000004D1 
    -------------------------------------------------------------------------
NEAR_CODE
  Relative segment, address: CODE 000004DE - 000004E5 (0x8 bytes), align: 0
  Segment part 23.            Intra module refs:   basicRfSendPacket
           LOCAL                   ADDRESS         
           =====                   =======         
           ?Subroutine1            000004DE 
    -------------------------------------------------------------------------
NEAR_CODE
  Relative segment, address: CODE 000004E6 - 000004F4 (0xf bytes), align: 0
  Segment part 28.
           ENTRY                   ADDRESS         REF BY
           =====                   =======         ======
           basicRfReceiveOff       000004E6        main (light_switch)
               calls direct
               ISTACK = 00000000 ( 00000002 )
    -------------------------------------------------------------------------
XDATA_ID
  Relative segment, address: CODE 000000E5 - 000000F0 (0xc bytes), align: 0
  Segment part 7.             Intra module refs:   rxi
    -------------------------------------------------------------------------
XDATA_ID
  Relative segment, address: CODE 000000F1 - 000000F4 (0x4 bytes), align: 0
  Segment part 13.            Intra module refs:   __Constant_0

    *************************************************************************

  FILE NAME : D:\work\andy2530\3.无线传输质量检测\andy CC2530 BasicRF\ide\srf05_cc2530_91\iar\temp\light_switch\basic_rf_security.r51
    *************************************************************************

  FILE NAME : D:\work\andy2530\3.无线传输质量检测\andy CC2530 BasicRF\ide\srf05_cc2530_91\iar\temp\light_switch\clock.r51
  PROGRAM MODULE, NAME : clock

  SEGMENTS IN THE MODULE
  ======================
SFR_AN
  Relative segment, address: DATA 0000009D - 0000009D (0x1 bytes), align: 0
  Segment part 1. ROOT.       Intra module refs:   clockSetMainSrc
           ENTRY                   ADDRESS         REF BY
           =====                   =======         ======
           SLEEPSTA                0000009D 
    -------------------------------------------------------------------------
SFR_AN
  Relative segment, address: DATA 0000009E - 0000009E (0x1 bytes), align: 0
  Segment part 2. ROOT.       Intra module refs:   clockSelect32k
                                                   clockSetMainSrc
           ENTRY                   ADDRESS         REF BY
           =====                   =======         ======
           CLKCONSTA               0000009E 
    -------------------------------------------------------------------------
SFR_AN
  Relative segment, address: DATA 000000BE - 000000BE (0x1 bytes), align: 0
  Segment part 3. ROOT.       Intra module refs:   clockSetMainSrc
           ENTRY                   ADDRESS         REF BY
           =====                   =======         ======
           SLEEPCMD                000000BE 
    -------------------------------------------------------------------------
SFR_AN
  Relative segment, address: DATA 000000C6 - 000000C6 (0x1 bytes), align: 0
  Segment part 4. ROOT.       Intra module refs:   clockSelect32k
                                                   clockSetMainSrc
           ENTRY                   ADDRESS         REF BY
           =====                   =======         ======
           CLKCONCMD               000000C6 
    -------------------------------------------------------------------------
NEAR_CODE
  Relative segment, address: CODE 000004F5 - 00000526 (0x32 bytes), align: 0
  Segment part 10.
           ENTRY                   ADDRESS         REF BY
           =====                   =======         ======
           clockSetMainSrc         000004F5        halMcuInit (hal_mcu)
    -------------------------------------------------------------------------
NEAR_CODE
  Relative segment, address: CODE 00000527 - 0000054C (0x26 bytes), align: 0
  Segment part 11.
           ENTRY                   ADDRESS         REF BY
           =====                   =======         ======
           clockSelect32k          00000527        halMcuInit (hal_mcu)

    *************************************************************************

  FILE NAME : D:\work\andy2530\3.无线传输质量检测\andy CC2530 BasicRF\ide\srf05_cc2530_91\iar\temp\light_switch\hal_assert.r51
  PROGRAM MODULE, NAME : hal_assert

  SEGMENTS IN THE MODULE
  ======================
NEAR_CODE
  Relative segment, address: CODE 0000054D - 00000569 (0x1d bytes), align: 0
  Segment part 6.
           ENTRY                   ADDRESS         REF BY
           =====                   =======         ======
           halAssertHandler        0000054D        halMcuInit (hal_mcu)
                                                   main (light_switch)
               calls direct

    *************************************************************************

  FILE NAME : D:\work\andy2530\3.无线传输质量检测\andy CC2530 BasicRF\ide\srf05_cc2530_91\iar\temp\light_switch\hal_board.r51
  PROGRAM MODULE, NAME : hal_board

  SEGMENTS IN THE MODULE
  ======================
SFR_AN
  Relative segment, address: DATA 00000080 - 00000080 (0x1 bytes), align: 0
  Segment part 1. ROOT.       Intra module refs:   halBoardInit
                                                   halButtonPushed (hal_button)
                                                   halLedClear (hal_led)
                                                   halLedSet (hal_led)
                                                   halLedToggle (hal_led)
                                                   halRfSetGain (hal_rf)
           ENTRY                   ADDRESS         REF BY
           =====                   =======         ======
           _A_P0                   00000080 
           LOCAL                   ADDRESS         
           =====                   =======         
           P0                      00000080 
    -------------------------------------------------------------------------
SFR_AN
  Relative segment, address: DATA 0000008F - 0000008F (0x1 bytes), align: 0
  Segment part 2. ROOT.       Intra module refs:   halBoardInit
                                                   halButtonPushed (hal_button)
           ENTRY                   ADDRESS         REF BY
           =====                   =======         ======
           P0INP                   0000008F 
    -------------------------------------------------------------------------
SFR_AN
  Relative segment, address: DATA 00000090 - 00000090 (0x1 bytes), align: 0
  Segment part 3. ROOT.       Intra module refs:   halBoardInit
                                                   halLedClear (hal_led)
                                                   halLedSet (hal_led)
                                                   halLedToggle (hal_led)
           ENTRY                   ADDRESS         REF BY
           =====                   =======         ======
           _A_P1                   00000090 
           LOCAL                   ADDRESS         
           =====                   =======         
           P1                      00000090 
    -------------------------------------------------------------------------
SFR_AN
  Relative segment, address: DATA 000000F1 - 000000F1 (0x1 bytes), align: 0
  Segment part 5. ROOT.
           ENTRY                   ADDRESS         REF BY
           =====                   =======         ======
           PERCFG                  000000F1 
    -------------------------------------------------------------------------
SFR_AN
  Relative segment, address: DATA 000000F3 - 000000F3 (0x1 bytes), align: 0
  Segment part 6. ROOT.       Intra module refs:   halBoardInit
                                                   halButtonPushed (hal_button)
                                                   halJoystickInit (hal_joystick)
           ENTRY                   ADDRESS         REF BY
           =====                   =======         ======
           P0SEL                   000000F3 
    -------------------------------------------------------------------------
SFR_AN
  Relative segment, address: DATA 000000F4 - 000000F4 (0x1 bytes), align: 0
  Segment part 7. ROOT.
           ENTRY                   ADDRESS         REF BY
           =====                   =======         ======
           P1SEL                   000000F4 
    -------------------------------------------------------------------------
SFR_AN
  Relative segment, address: DATA 000000F5 - 000000F5 (0x1 bytes), align: 0
  Segment part 8. ROOT.       Intra module refs:   halBoardInit
                                                   halJoystickInit (hal_joystick)
           ENTRY                   ADDRESS         REF BY
           =====                   =======         ======
           P2SEL                   000000F5 
    -------------------------------------------------------------------------
SFR_AN
  Relative segment, address: DATA 000000F6 - 000000F6 (0x1 bytes), align: 0
  Segment part 9. ROOT.
           ENTRY                   ADDRESS         REF BY
           =====                   =======         ======
           P1INP                   000000F6 
    -------------------------------------------------------------------------
SFR_AN
  Relative segment, address: DATA 000000F7 - 000000F7 (0x1 bytes), align: 0
  Segment part 10. ROOT.      Intra module refs:   halBoardInit
                                                   halButtonPushed (hal_button)
                                                   halJoystickInit (hal_joystick)
           ENTRY                   ADDRESS         REF BY
           =====                   =======         ======
           P2INP                   000000F7 
    -------------------------------------------------------------------------
SFR_AN
  Relative segment, address: DATA 000000F8 - 000000F8 (0x1 bytes), align: 0
  Segment part 11. ROOT.
           ENTRY                   ADDRESS         REF BY
           =====                   =======         ======
           _A_U1CSR                000000F8 
           LOCAL                   ADDRESS         
           =====                   =======         
           U1CSR                   000000F8 
    -------------------------------------------------------------------------
SFR_AN
  Relative segment, address: DATA 000000FA - 000000FA (0x1 bytes), align: 0
  Segment part 12. ROOT.
           ENTRY                   ADDRESS         REF BY
           =====                   =======         ======
           U1BAUD                  000000FA 
    -------------------------------------------------------------------------
SFR_AN
  Relative segment, address: DATA 000000FB - 000000FB (0x1 bytes), align: 0
  Segment part 13. ROOT.
           ENTRY                   ADDRESS         REF BY
           =====                   =======         ======
           U1UCR                   000000FB 
    -------------------------------------------------------------------------
SFR_AN
  Relative segment, address: DATA 000000FC - 000000FC (0x1 bytes), align: 0
  Segment part 14. ROOT.
           ENTRY                   ADDRESS         REF BY
           =====                   =======         ======
           U1GCR                   000000FC 
    -------------------------------------------------------------------------
SFR_AN
  Relative segment, address: DATA 000000FD - 000000FD (0x1 bytes), align: 0
  Segment part 15. ROOT.      Intra module refs:   halBoardInit
                                                   halButtonPushed (hal_button)
                                                   halRfInit (hal_rf)
           ENTRY                   ADDRESS         REF BY
           =====                   =======         ======
           P0DIR                   000000FD 
    -------------------------------------------------------------------------
SFR_AN
  Relative segment, address: DATA 000000FE - 000000FE (0x1 bytes), align: 0
  Segment part 16. ROOT.      Intra module refs:   halBoardInit
           ENTRY                   ADDRESS         REF BY
           =====                   =======         ======
           P1DIR                   000000FE 
    -------------------------------------------------------------------------
SFR_AN
  Relative segment, address: DATA 000000FF - 000000FF (0x1 bytes), align: 0
  Segment part 17. ROOT.      Intra module refs:   halBoardInit
                                                   halJoystickInit (hal_joystick)
           ENTRY                   ADDRESS         REF BY
           =====                   =======         ======
           P2DIR                   000000FF 
    -------------------------------------------------------------------------
NEAR_CODE
  Relative segment, address: CODE 0000056A - 00000598 (0x2f bytes), align: 0
  Segment part 23.
           ENTRY                   ADDRESS         REF BY
           =====                   =======         ======
           halBoardInit            0000056A        main (light_switch)
               calls direct

    *************************************************************************

  FILE NAME : D:\work\andy2530\3.无线传输质量检测\andy CC2530 BasicRF\ide\srf05_cc2530_91\iar\temp\light_switch\hal_button.r51
  PROGRAM MODULE, NAME : hal_button

  SEGMENTS IN THE MODULE
  ======================
NEAR_CODE
  Relative segment, address: CODE 00000599 - 000005A2 (0xa bytes), align: 0
  Segment part 12.            Intra module refs:   halButtonPushed
           LOCAL                   ADDRESS         
           =====                   =======         
           ?Subroutine0            00000599 
    -------------------------------------------------------------------------
NEAR_CODE
  Relative segment, address: CODE 000005A3 - 000005E4 (0x42 bytes), align: 0
  Segment part 13.
           ENTRY                   ADDRESS         REF BY
           =====                   =======         ======
           halButtonPushed         000005A3        main (light_switch)
               ISTACK = 00000000 ( 00000002 )

    *************************************************************************

  FILE NAME : D:\work\andy2530\3.无线传输质量检测\andy CC2530 BasicRF\ide\srf05_cc2530_91\iar\temp\light_switch\hal_digio.r51
  PROGRAM MODULE, NAME : hal_digio

  SEGMENTS IN THE MODULE
  ======================
SFR_AN
  Relative segment, address: DATA 00000089 - 00000089 (0x1 bytes), align: 0
  Segment part 2. ROOT.       Intra module refs:   port0_ISR
           ENTRY                   ADDRESS         REF BY
           =====                   =======         ======
           P0IFG                   00000089 
    -------------------------------------------------------------------------
SFR_AN
  Relative segment, address: DATA 0000008A - 0000008A (0x1 bytes), align: 0
  Segment part 3. ROOT.       Intra module refs:   port1_ISR
           ENTRY                   ADDRESS         REF BY
           =====                   =======         ======
           P1IFG                   0000008A 
    -------------------------------------------------------------------------
SFR_AN
  Relative segment, address: DATA 0000008B - 0000008B (0x1 bytes), align: 0
  Segment part 4. ROOT.       Intra module refs:   port2_ISR
           ENTRY                   ADDRESS         REF BY
           =====                   =======         ======
           P2IFG                   0000008B 
    -------------------------------------------------------------------------
SFR_AN
  Relative segment, address: DATA 0000008C - 0000008C (0x1 bytes), align: 0
  Segment part 5. ROOT.
           ENTRY                   ADDRESS         REF BY
           =====                   =======         ======
           PICTL                   0000008C 
    -------------------------------------------------------------------------
SFR_AN
  Relative segment, address: DATA 0000008D - 0000008D (0x1 bytes), align: 0
  Segment part 6. ROOT.
           ENTRY                   ADDRESS         REF BY
           =====                   =======         ======
           P1IEN                   0000008D 
    -------------------------------------------------------------------------
SFR_AN
  Relative segment, address: DATA 0000009A - 0000009A (0x1 bytes), align: 0
  Segment part 8. ROOT.       Intra module refs:   halRfDisableRxInterrupt (hal_rf)
                                                   halRfEnableRxInterrupt (hal_rf)
           ENTRY                   ADDRESS         REF BY
           =====                   =======         ======
           IEN2                    0000009A 
    -------------------------------------------------------------------------
SFR_AN
  Relative segment, address: DATA 000000A0 - 000000A0 (0x1 bytes), align: 0
  Segment part 9. ROOT.
           ENTRY                   ADDRESS         REF BY
           =====                   =======         ======
           _A_P2                   000000A0 
           LOCAL                   ADDRESS         
           =====                   =======         
           P2                      000000A0 
    -------------------------------------------------------------------------
SFR_AN
  Relative segment, address: DATA 000000A8 - 000000A8 (0x1 bytes), align: 0
  Segment part 10. ROOT.      Intra module refs:   halIntOff (hal_int)
                                                   halIntOn (hal_int)
                                                   halRfRxInterruptConfig (hal_rf)
                                                   rfIsr (hal_rf)
           ENTRY                   ADDRESS         REF BY
           =====                   =======         ======
           _A_IEN0                 000000A8 
           LOCAL                   ADDRESS         
           =====                   =======         
           IEN0                    000000A8 
    -------------------------------------------------------------------------
SFR_AN
  Relative segment, address: DATA 000000AB - 000000AB (0x1 bytes), align: 0
  Segment part 11. ROOT.
           ENTRY                   ADDRESS         REF BY
           =====                   =======         ======
           P0IEN                   000000AB 
    -------------------------------------------------------------------------
SFR_AN
  Relative segment, address: DATA 000000AC - 000000AC (0x1 bytes), align: 0
  Segment part 12. ROOT.
           ENTRY                   ADDRESS         REF BY
           =====                   =======         ======
           P2IEN                   000000AC 
    -------------------------------------------------------------------------
SFR_AN
  Relative segment, address: DATA 000000B8 - 000000B8 (0x1 bytes), align: 0
  Segment part 13. ROOT.
           ENTRY                   ADDRESS         REF BY
           =====                   =======         ======
           _A_IEN1                 000000B8 
           LOCAL                   ADDRESS         
           =====                   =======         
           IEN1                    000000B8 
    -------------------------------------------------------------------------
SFR_AN
  Relative segment, address: DATA 000000C0 - 000000C0 (0x1 bytes), align: 0
  Segment part 14. ROOT.      Intra module refs:   port0_ISR
           ENTRY                   ADDRESS         REF BY
           =====                   =======         ======
           _A_IRCON                000000C0 
           LOCAL                   ADDRESS         
           =====                   =======         
           IRCON                   000000C0 
    -------------------------------------------------------------------------
SFR_AN
  Relative segment, address: DATA 000000E8 - 000000E8 (0x1 bytes), align: 0
  Segment part 15. ROOT.      Intra module refs:   port1_ISR
                                                   port2_ISR
           ENTRY                   ADDRESS         REF BY
           =====                   =======         ======
           _A_IRCON2               000000E8 
           LOCAL                   ADDRESS         
           =====                   =======         
           IRCON2                  000000E8 
    -------------------------------------------------------------------------
XDATA_Z
  Relative segment, address: XDATA 000001FD - 0000020C (0x10 bytes), align: 0
  Segment part 30.            Intra module refs:   port0_ISR
           LOCAL                   ADDRESS         
           =====                   =======         
           port0_isr_tbl           000001FD 
    -------------------------------------------------------------------------
XDATA_Z
  Relative segment, address: XDATA 0000020D - 0000021C (0x10 bytes), align: 0
  Segment part 31.            Intra module refs:   port1_ISR
           LOCAL                   ADDRESS         
           =====                   =======         
           port1_isr_tbl           0000020D 
    -------------------------------------------------------------------------
XDATA_Z
  Relative segment, address: XDATA 0000021D - 00000226 (0xa bytes), align: 0
  Segment part 32.            Intra module refs:   port2_ISR
           LOCAL                   ADDRESS         
           =====                   =======         
           port2_isr_tbl           0000021D 
    -------------------------------------------------------------------------
NEAR_CODE
  Relative segment, address: CODE 000005E5 - 00000638 (0x54 bytes), align: 0
  Segment part 45.            Intra module refs:   port0_ISR::??INTVEC 107
           ENTRY                   ADDRESS         REF BY
           =====                   =======         ======
           port0_ISR               000005E5 
               interrupt function
               XSTACK = 00000000 ( 0000000F )
    -------------------------------------------------------------------------
NEAR_CODE
  Relative segment, address: CODE 00000639 - 0000063D (0x5 bytes), align: 0
  Segment part 46.            Intra module refs:   port0_ISR
                                                   port1_ISR
                                                   port2_ISR
           LOCAL                   ADDRESS         
           =====                   =======         
           ?Subroutine1            00000639 
    -------------------------------------------------------------------------
NEAR_CODE
  Relative segment, address: CODE 0000063E - 00000693 (0x56 bytes), align: 0
  Segment part 47.            Intra module refs:   port1_ISR::??INTVEC 123
           ENTRY                   ADDRESS         REF BY
           =====                   =======         ======
           port1_ISR               0000063E 
               interrupt function
               XSTACK = 00000000 ( 0000000F )
    -------------------------------------------------------------------------
NEAR_CODE
  Relative segment, address: CODE 00000694 - 0000069E (0xb bytes), align: 0
  Segment part 48.            Intra module refs:   port0_ISR
                                                   port1_ISR
                                                   port2_ISR
           LOCAL                   ADDRESS         
           =====                   =======         
           ?Subroutine3            00000694 
    -------------------------------------------------------------------------
NEAR_CODE
  Relative segment, address: CODE 0000069F - 000006AA (0xc bytes), align: 0
  Segment part 49.            Intra module refs:   port0_ISR
                                                   port1_ISR
                                                   port2_ISR
           LOCAL                   ADDRESS         
           =====                   =======         
           ?Subroutine2            0000069F 
    -------------------------------------------------------------------------
NEAR_CODE
  Relative segment, address: CODE 000006AB - 00000701 (0x57 bytes), align: 0
  Segment part 50.            Intra module refs:   port2_ISR::??INTVEC 51
           ENTRY                   ADDRESS         REF BY
           =====                   =======         ======
           port2_ISR               000006AB 
               interrupt function
               XSTACK = 00000000 ( 0000000F )
    -------------------------------------------------------------------------
INTVEC
  Common segment, address: CODE 00000000 - 00000035 (0x36 bytes), align: 0
  Segment part 22. ROOT.
           ENTRY                   ADDRESS         REF BY
           =====                   =======         ======
           port2_ISR::??INTVEC 51
                                   00000033 
    -------------------------------------------------------------------------
INTVEC
  Common segment, address: CODE 00000000 - 0000006D (0x6e bytes), align: 0
  Segment part 23. ROOT.
           ENTRY                   ADDRESS         REF BY
           =====                   =======         ======
           port0_ISR::??INTVEC 107
                                   0000006B 
    -------------------------------------------------------------------------
INTVEC
  Common segment, address: CODE 00000000 - 0000007D (0x7e bytes), align: 0
  Segment part 24. ROOT.
           ENTRY                   ADDRESS         REF BY
           =====                   =======         ======
           port1_ISR::??INTVEC 123
                                   0000007B 

    *************************************************************************

  FILE NAME : D:\work\andy2530\3.无线传输质量检测\andy CC2530 BasicRF\ide\srf05_cc2530_91\iar\temp\light_switch\hal_int.r51
  PROGRAM MODULE, NAME : hal_int

  SEGMENTS IN THE MODULE
  ======================
NEAR_CODE
  Relative segment, address: CODE 00000702 - 00000704 (0x3 bytes), align: 0
  Segment part 7.
           ENTRY                   ADDRESS         REF BY
           =====                   =======         ======
           halIntOn                00000702        basicRfInit (basic_rf)
                                                   basicRfRxFrmDoneIsr (basic_rf)
                                                   halBoardInit (hal_board)
                                                   main (light_switch)
    -------------------------------------------------------------------------
NEAR_CODE
  Relative segment, address: CODE 00000705 - 00000707 (0x3 bytes), align: 0
  Segment part 8.
           ENTRY                   ADDRESS         REF BY
           =====                   =======         ======
           halIntOff               00000705        basicRfInit (basic_rf)
                                                   basicRfRxFrmDoneIsr (basic_rf)
                                                   main (light_switch)

    *************************************************************************

  FILE NAME : D:\work\andy2530\3.无线传输质量检测\andy CC2530 BasicRF\ide\srf05_cc2530_91\iar\temp\light_switch\hal_joystick.r51
  PROGRAM MODULE, NAME : hal_joystick

  SEGMENTS IN THE MODULE
  ======================
NEAR_CODE
  Relative segment, address: CODE 00000708 - 00000714 (0xd bytes), align: 0
  Segment part 12.
           ENTRY                   ADDRESS         REF BY
           =====                   =======         ======
           halJoystickInit         00000708        main (light_switch)

    *************************************************************************

  FILE NAME : D:\work\andy2530\3.无线传输质量检测\andy CC2530 BasicRF\ide\srf05_cc2530_91\iar\temp\light_switch\hal_lcd_srf05.r51
  PROGRAM MODULE, NAME : hal_lcd_srf05

  SEGMENTS IN THE MODULE
  ======================
SFR_AN
  Relative segment, address: DATA 000000F9 - 000000F9 (0x1 bytes), align: 0
  Segment part 6. ROOT.
           ENTRY                   ADDRESS         REF BY
           =====                   =======         ======
           U1DBUF                  000000F9 

    *************************************************************************

  FILE NAME : D:\work\andy2530\3.无线传输质量检测\andy CC2530 BasicRF\ide\srf05_cc2530_91\iar\temp\light_switch\hal_led.r51
  PROGRAM MODULE, NAME : hal_led

  SEGMENTS IN THE MODULE
  ======================
XDATA_Z
  Relative segment, address: XDATA 00000227 - 00000227 (0x1 bytes), align: 0
  Segment part 8.             Intra module refs:   halLedClear
                                                   halLedSet
                                                   halLedToggle
           ENTRY                   ADDRESS         REF BY
           =====                   =======         ======
           led4State               00000227        halButtonPushed (hal_button)
    -------------------------------------------------------------------------
NEAR_CODE
  Relative segment, address: CODE 00000715 - 0000073B (0x27 bytes), align: 0
  Segment part 9.
           ENTRY                   ADDRESS         REF BY
           =====                   =======         ======
           halLedSet               00000715        main (light_switch)
               ISTACK = 00000000 ( 00000002 )
    -------------------------------------------------------------------------
NEAR_CODE
  Relative segment, address: CODE 0000073C - 00000740 (0x5 bytes), align: 0
  Segment part 10.            Intra module refs:   halLedClear
                                                   halLedSet
                                                   halLedToggle
           LOCAL                   ADDRESS         
           =====                   =======         
           ?Subroutine0            0000073C 
    -------------------------------------------------------------------------
NEAR_CODE
  Relative segment, address: CODE 00000741 - 00000768 (0x28 bytes), align: 0
  Segment part 11.
           ENTRY                   ADDRESS         REF BY
           =====                   =======         ======
           halLedClear             00000741        main (light_switch)
               ISTACK = 00000000 ( 00000002 )
    -------------------------------------------------------------------------
NEAR_CODE
  Relative segment, address: CODE 00000769 - 00000796 (0x2e bytes), align: 0
  Segment part 12.
           ENTRY                   ADDRESS         REF BY
           =====                   =======         ======
           halLedToggle            00000769        halAssertHandler (hal_assert)
               ISTACK = 00000000 ( 00000002 )

    *************************************************************************

  FILE NAME : D:\work\andy2530\3.无线传输质量检测\andy CC2530 BasicRF\ide\srf05_cc2530_91\iar\temp\light_switch\hal_mcu.r51
  PROGRAM MODULE, NAME : hal_mcu

  SEGMENTS IN THE MODULE
  ======================
SFR_AN
  Relative segment, address: DATA 000000C9 - 000000C9 (0x1 bytes), align: 0
  Segment part 1. ROOT.
           ENTRY                   ADDRESS         REF BY
           =====                   =======         ======
           WDCTL                   000000C9 
    -------------------------------------------------------------------------
NEAR_CODE
  Relative segment, address: CODE 00000797 - 000007B3 (0x1d bytes), align: 0
  Segment part 7.
           ENTRY                   ADDRESS         REF BY
           =====                   =======         ======
           halMcuInit              00000797        halBoardInit (hal_board)
               calls direct
    -------------------------------------------------------------------------
NEAR_CODE
  Relative segment, address: CODE 000007B4 - 000007DE (0x2b bytes), align: 0
  Segment part 8.             Intra module refs:   halMcuWaitMs
           ENTRY                   ADDRESS         REF BY
           =====                   =======         ======
           halMcuWaitUs            000007B4        basicRfSendPacket (basic_rf)
               XSTACK = 00000008 ( 00000000 )
    -------------------------------------------------------------------------
NEAR_CODE
  Relative segment, address: CODE 000007DF - 00000805 (0x27 bytes), align: 0
  Segment part 9.
           ENTRY                   ADDRESS         REF BY
           =====                   =======         ======
           halMcuWaitMs            000007DF        halAssertHandler (hal_assert)
               calls direct
               XSTACK = 00000000 ( 00000008 )
    -------------------------------------------------------------------------
NEAR_CODE
  Relative segment, address: CODE 00000806 - 00000806 (0x1 bytes), align: 0
  Segment part 10.
           ENTRY                   ADDRESS         REF BY
           =====                   =======         ======
           halMcuSetLowPowerMode   00000806        main (light_switch)

    *************************************************************************

  FILE NAME : D:\work\andy2530\3.无线传输质量检测\andy CC2530 BasicRF\ide\srf05_cc2530_91\iar\temp\light_switch\hal_rf.r51
  PROGRAM MODULE, NAME : hal_rf

  SEGMENTS IN THE MODULE
  ======================
SFR_AN
  Relative segment, address: DATA 00000091 - 00000091 (0x1 bytes), align: 0
  Segment part 2. ROOT.       Intra module refs:   halRfTransmit
                                                   halRfWriteTxBuf
           ENTRY                   ADDRESS         REF BY
           =====                   =======         ======
           RFIRQF1                 00000091 
    -------------------------------------------------------------------------
SFR_AN
  Relative segment, address: DATA 0000009B - 0000009B (0x1 bytes), align: 0
  Segment part 4. ROOT.       Intra module refs:   rfIsr
           ENTRY                   ADDRESS         REF BY
           =====                   =======         ======
           S1CON                   0000009B 
    -------------------------------------------------------------------------
SFR_AN
  Relative segment, address: DATA 000000D9 - 000000D9 (0x1 bytes), align: 0
  Segment part 6. ROOT.       Intra module refs:   halRfReadRxBuf
                                                   halRfWriteTxBuf
           ENTRY                   ADDRESS         REF BY
           =====                   =======         ======
           RFD                     000000D9 
    -------------------------------------------------------------------------
SFR_AN
  Relative segment, address: DATA 000000E1 - 000000E1 (0x1 bytes), align: 0
  Segment part 7. ROOT.       Intra module refs:   halRfReceiveOff
                                                   halRfReceiveOn
                                                   halRfTransmit
                                                   halRfWriteTxBuf
           ENTRY                   ADDRESS         REF BY
           =====                   =======         ======
           RFST                    000000E1 
    -------------------------------------------------------------------------
SFR_AN
  Relative segment, address: DATA 000000E9 - 000000E9 (0x1 bytes), align: 0
  Segment part 8. ROOT.       Intra module refs:   rfIsr
           ENTRY                   ADDRESS         REF BY
           =====                   =======         ======
           RFIRQF0                 000000E9 
    -------------------------------------------------------------------------
XDATA_Z
  Relative segment, address: XDATA 00000228 - 00000229 (0x2 bytes), align: 0
  Segment part 30.            Intra module refs:   halRfRxInterruptConfig
                                                   rfIsr
           LOCAL                   ADDRESS         
           =====                   =======         
           pfISR                   00000228 
    -------------------------------------------------------------------------
XDATA_I
  Relative segment, address: XDATA 00000241 - 00000241 (0x1 bytes), align: 0
  Segment part 31.            Intra module refs:   halRfSetGain
           LOCAL                   ADDRESS         
           =====                   =======         
           rssiOffset              00000241 
    -------------------------------------------------------------------------
NEAR_CODE
  Relative segment, address: CODE 00000807 - 00000857 (0x51 bytes), align: 0
  Segment part 35.
           ENTRY                   ADDRESS         REF BY
           =====                   =======         ======
           halRfInit               00000807        basicRfInit (basic_rf)
                                                   main (light_switch)
               calls direct
               ISTACK = 00000000 ( 00000002 )
    -------------------------------------------------------------------------
NEAR_CODE
  Relative segment, address: CODE 00000858 - 0000085A (0x3 bytes), align: 0
  Segment part 40.            Intra module refs:   halRfSetPanId
                                                   halRfSetShortAddr
           LOCAL                   ADDRESS         
           =====                   =======         
           ?Subroutine0            00000858 
    -------------------------------------------------------------------------
NEAR_CODE
  Relative segment, address: CODE 0000085B - 0000085B (0x1 bytes), align: 0
  Segment part 41.            Intra module refs:   ?Subroutine0
                                                   halRfSetChannel
                                                   halRfSetGain
    -------------------------------------------------------------------------
NEAR_CODE
  Relative segment, address: CODE 0000085C - 00000860 (0x5 bytes), align: 0
  Segment part 42.            Intra module refs:   Segment part 41
                                                   halRfDisableRxInterrupt
                                                   halRfEnableRxInterrupt
                                                   halRfInit
                                                   halRfReadRxBuf
                                                   halRfRxInterruptConfig
                                                   halRfWaitTransceiverReady
    -------------------------------------------------------------------------
NEAR_CODE
  Relative segment, address: CODE 00000861 - 00000870 (0x10 bytes), align: 0
  Segment part 45.
           ENTRY                   ADDRESS         REF BY
           =====                   =======         ======
           halRfSetChannel         00000861        basicRfInit (basic_rf)
               ISTACK = 00000000 ( 00000002 )
    -------------------------------------------------------------------------
NEAR_CODE
  Relative segment, address: CODE 00000871 - 0000087A (0xa bytes), align: 0
  Segment part 46.
           ENTRY                   ADDRESS         REF BY
           =====                   =======         ======
           halRfSetShortAddr       00000871        basicRfInit (basic_rf)
               ISTACK = 00000000 ( 00000002 )
    -------------------------------------------------------------------------
NEAR_CODE
  Relative segment, address: CODE 0000087B - 00000884 (0xa bytes), align: 0
  Segment part 47.
           ENTRY                   ADDRESS         REF BY
           =====                   =======         ======
           halRfSetPanId           0000087B        basicRfInit (basic_rf)
               ISTACK = 00000000 ( 00000002 )
    -------------------------------------------------------------------------
NEAR_CODE
  Relative segment, address: CODE 00000885 - 000008AA (0x26 bytes), align: 0
  Segment part 49.            Intra module refs:   halRfInit
           ENTRY                   ADDRESS         REF BY
           =====                   =======         ======
           halRfSetGain            00000885 
               ISTACK = 00000000 ( 00000002 )
    -------------------------------------------------------------------------
NEAR_CODE
  Relative segment, address: CODE 000008AB - 000008C1 (0x17 bytes), align: 0
  Segment part 50.
           ENTRY                   ADDRESS         REF BY
           =====                   =======         ======
           halRfWriteTxBuf         000008AB        basicRfSendPacket (basic_rf)
               XSTACK = 00000000 ( 00000009 )
    -------------------------------------------------------------------------
NEAR_CODE
  Relative segment, address: CODE 000008C2 - 000008C6 (0x5 bytes), align: 0
  Segment part 51.            Intra module refs:   halRfWriteTxBuf
           LOCAL                   ADDRESS         
           =====                   =======         
           ?Subroutine1            000008C2 
    -------------------------------------------------------------------------
NEAR_CODE
  Relative segment, address: CODE 000008C7 - 000008D7 (0x11 bytes), align: 0
  Segment part 53.            Intra module refs:   halRfWriteTxBuf
           LOCAL                   ADDRESS         
           =====                   =======         
           ?Subroutine3            000008C7 
    -------------------------------------------------------------------------
NEAR_CODE
  Relative segment, address: CODE 000008D8 - 000008F0 (0x19 bytes), align: 0
  Segment part 54.
           ENTRY                   ADDRESS         REF BY
           =====                   =======         ======
           halRfReadRxBuf          000008D8        basicRfRxFrmDoneIsr (basic_rf)
               ISTACK = 00000000 ( 00000003 )
    -------------------------------------------------------------------------
NEAR_CODE
  Relative segment, address: CODE 000008F1 - 000008FF (0xf bytes), align: 0
  Segment part 57.
           ENTRY                   ADDRESS         REF BY
           =====                   =======         ======
           halRfTransmit           000008F1        basicRfSendPacket (basic_rf)
    -------------------------------------------------------------------------
NEAR_CODE
  Relative segment, address: CODE 00000900 - 00000906 (0x7 bytes), align: 0
  Segment part 58.
           ENTRY                   ADDRESS         REF BY
           =====                   =======         ======
           halRfReceiveOn          00000900        basicRfSendPacket (basic_rf)
    -------------------------------------------------------------------------
NEAR_CODE
  Relative segment, address: CODE 00000907 - 0000090D (0x7 bytes), align: 0
  Segment part 59.
           ENTRY                   ADDRESS         REF BY
           =====                   =======         ======
           halRfReceiveOff         00000907        basicRfReceiveOff (basic_rf)
                                                   basicRfSendPacket (basic_rf)
    -------------------------------------------------------------------------
NEAR_CODE
  Relative segment, address: CODE 0000090E - 0000091E (0x11 bytes), align: 0
  Segment part 60.
           ENTRY                   ADDRESS         REF BY
           =====                   =======         ======
           halRfDisableRxInterrupt
                                   0000090E        basicRfRxFrmDoneIsr (basic_rf)
                                                   basicRfSendPacket (basic_rf)
               ISTACK = 00000000 ( 00000002 )
    -------------------------------------------------------------------------
NEAR_CODE
  Relative segment, address: CODE 0000091F - 0000092F (0x11 bytes), align: 0
  Segment part 61.            Intra module refs:   halRfInit
           ENTRY                   ADDRESS         REF BY
           =====                   =======         ======
           halRfEnableRxInterrupt
                                   0000091F        basicRfRxFrmDoneIsr (basic_rf)
                                                   basicRfSendPacket (basic_rf)
               ISTACK = 00000000 ( 00000002 )
    -------------------------------------------------------------------------
NEAR_CODE
  Relative segment, address: CODE 00000930 - 00000948 (0x19 bytes), align: 0
  Segment part 62.
           ENTRY                   ADDRESS         REF BY
           =====                   =======         ======
           halRfRxInterruptConfig
                                   00000930        basicRfInit (basic_rf)
               ISTACK = 00000000 ( 00000002 )
    -------------------------------------------------------------------------
NEAR_CODE
  Relative segment, address: CODE 00000949 - 00000957 (0xf bytes), align: 0
  Segment part 63.
           ENTRY                   ADDRESS         REF BY
           =====                   =======         ======
           halRfWaitTransceiverReady
                                   00000949        basicRfSendPacket (basic_rf)
               ISTACK = 00000000 ( 00000002 )
    -------------------------------------------------------------------------
NEAR_CODE
  Relative segment, address: CODE 00000958 - 0000098F (0x38 bytes), align: 0
  Segment part 64.            Intra module refs:   rfIsr::??INTVEC 131
           ENTRY                   ADDRESS         REF BY
           =====                   =======         ======
           rfIsr                   00000958 
               interrupt function
               XSTACK = 00000000 ( 0000000E )
    -------------------------------------------------------------------------
XDATA_I
  Relative segment, address: XDATA 00000242 - 00000242 (0x1 bytes), align: 0
  Segment part 33.            Intra module refs:   halRfInit
           LOCAL                   ADDRESS         
           =====                   =======         
           halPaLnaInit::fFirst    00000242 
    -------------------------------------------------------------------------
INTVEC
  Common segment, address: CODE 00000000 - 00000085 (0x86 bytes), align: 0
  Segment part 10. ROOT.
           ENTRY                   ADDRESS         REF BY
           =====                   =======         ======
           rfIsr::??INTVEC 131     00000083 
    -------------------------------------------------------------------------
XDATA_ID
  Relative segment, address: CODE 000000F5 - 000000F5 (0x1 bytes), align: 0
  Segment part 32.            Intra module refs:   rssiOffset
    -------------------------------------------------------------------------
XDATA_ID
  Relative segment, address: CODE 000000F6 - 000000F6 (0x1 bytes), align: 0
  Segment part 34.            Intra module refs:   halPaLnaInit::fFirst

    *************************************************************************

  FILE NAME : D:\work\andy2530\3.无线传输质量检测\andy CC2530 BasicRF\ide\srf05_cc2530_91\iar\temp\light_switch\hal_rf_security.r51
  PROGRAM MODULE, NAME : hal_rf_security

  SEGMENTS IN THE MODULE
  ======================
SFR_AN
  Relative segment, address: DATA 000000B1 - 000000B1 (0x1 bytes), align: 0
  Segment part 1. ROOT.
           ENTRY                   ADDRESS         REF BY
           =====                   =======         ======
           ENCDI                   000000B1 
    -------------------------------------------------------------------------
SFR_AN
  Relative segment, address: DATA 000000B2 - 000000B2 (0x1 bytes), align: 0
  Segment part 2. ROOT.
           ENTRY                   ADDRESS         REF BY
           =====                   =======         ======
           ENCDO                   000000B2 
    -------------------------------------------------------------------------
SFR_AN
  Relative segment, address: DATA 000000B3 - 000000B3 (0x1 bytes), align: 0
  Segment part 3. ROOT.
           ENTRY                   ADDRESS         REF BY
           =====                   =======         ======
           ENCCS                   000000B3 

    *************************************************************************

  FILE NAME : D:\work\andy2530\3.无线传输质量检测\andy CC2530 BasicRF\ide\srf05_cc2530_91\iar\temp\light_switch\light_switch.r51
  PROGRAM MODULE, NAME : light_switch

  SEGMENTS IN THE MODULE
  ======================
XDATA_Z
  Relative segment, address: XDATA 0000022A - 0000022A (0x1 bytes), align: 0
  Segment part 6.             Intra module refs:   main
           LOCAL                   ADDRESS         
           =====                   =======         
           pTxData                 0000022A 
    -------------------------------------------------------------------------
XDATA_Z
  Relative segment, address: XDATA 0000022B - 00000230 (0x6 bytes), align: 0
  Segment part 7.             Intra module refs:   main
           LOCAL                   ADDRESS         
           =====                   =======         
           basicRfConfig           0000022B 
    -------------------------------------------------------------------------
NEAR_CODE
  Relative segment, address: CODE 00000990 - 000009FF (0x70 bytes), align: 0
  Segment part 8.
           ENTRY                   ADDRESS         REF BY
           =====                   =======         ======
           main                    00000990        ?call_main (?cmain)
               calls direct

    *************************************************************************

  FILE NAME : D:\work\andy2530\3.无线传输质量检测\andy CC2530 BasicRF\ide\srf05_cc2530_91\iar\temp\light_switch\util.r51
  PROGRAM MODULE, NAME : util

  SEGMENTS IN THE MODULE
  ======================
NEAR_CODE
  Relative segment, address: CODE 00000A00 - 00000A08 (0x9 bytes), align: 0
  Segment part 36.
           ENTRY                   ADDRESS         REF BY
           =====                   =======         ======
           min                     00000A00        basicRfSendPacket (basic_rf)

    *************************************************************************

  FILE NAME : D:\work\andy2530\3.无线传输质量检测\andy CC2530 BasicRF\ide\srf05_cc2530_91\iar\temp\light_switch\util_buffer.r51
    *************************************************************************

  FILE NAME : D:\work\andy2530\3.无线传输质量检测\andy CC2530 BasicRF\ide\srf05_cc2530_91\iar\temp\light_switch\util_lcd.r51
    *************************************************************************

  FILE NAME : C:\Program Files\IAR Systems\Embedded Workbench 6.0 Evaluation\8051\LIB\CLIB\cl-pli-nlxd-1e16x01.r51
  LIBRARY MODULE, NAME : ?cexit

  SEGMENTS IN THE MODULE
  ======================
CSTART
  Relative segment, address: CODE 00000086 - 0000008A (0x5 bytes), align: 0
  Segment part 0.
           ENTRY                   ADDRESS         REF BY
           =====                   =======         ======
           exit                    00000086        ?call_main (?cmain)
           ?C_EXIT                 00000086 
           ?ROM_MONITOR_NOPS       00000086 

    -------------------------------------------------------------------------
  LIBRARY MODULE, NAME : ?cmain

  SEGMENTS IN THE MODULE
  ======================
CSTART
  Relative segment, address: CODE 0000008B, align: 0
  Segment part 0.
           ENTRY                   ADDRESS         REF BY
           =====                   =======         ======
           ?cmain                  0000008B        Segment part 13 (CSTARTUP)
    -------------------------------------------------------------------------
CSTART
  Relative segment, address: CODE 0000008B - 00000093 (0x9 bytes), align: 0
  Segment part 1.
           ENTRY                   ADDRESS         REF BY
           =====                   =======         ======
           __low_level_init_call   0000008B        __low_level_init (?low_level_init)
    -------------------------------------------------------------------------
CSTART
  Relative segment, address: CODE 00000094 - 000000A3 (0x10 bytes), align: 0
  Segment part 11.
           ENTRY                   ADDRESS         REF BY
           =====                   =======         ======
           __INIT_XDATA_Z          00000094        basicRfConfig (light_switch)
                                                   led4State (hal_led)
                                                   pConfig (basic_rf)
                                                   pTxData (light_switch)
                                                   pfISR (hal_rf)
                                                   port0_isr_tbl (hal_digio)
                                                   port1_isr_tbl (hal_digio)
                                                   port2_isr_tbl (hal_digio)
                                                   rxMpdu (basic_rf)
                                                   txMpdu (basic_rf)
                                                   txState (basic_rf)
    -------------------------------------------------------------------------
CSTART
  Relative segment, address: CODE 000000A4 - 000000CC (0x29 bytes), align: 0
  Segment part 28.
           ENTRY                   ADDRESS         REF BY
           =====                   =======         ======
           __INIT_XDATA_I          000000A4        __Constant_0 (basic_rf)
                                                   halPaLnaInit::fFirst (hal_rf)
                                                   rssiOffset (hal_rf)
                                                   rxi (basic_rf)
    -------------------------------------------------------------------------
CSTART
  Relative segment, address: CODE 000000CD, align: 0
  Segment part 32.            Intra module refs:   __low_level_init_call
    -------------------------------------------------------------------------
CSTART
  Relative segment, address: CODE 000000CD - 000000D2 (0x6 bytes), align: 0
  Segment part 33.            Intra module refs:   ?cmain
           ENTRY                   ADDRESS         REF BY
           =====                   =======         ======
           ?call_main              000000CD 

    -------------------------------------------------------------------------
  LIBRARY MODULE, NAME : CSTARTUP

  SEGMENTS IN THE MODULE
  ======================
REGISTERS
  Relative segment, address: DATA 00000000, align: 0
  Segment part 0.             Intra module refs:   Segment part 6
           ENTRY                   ADDRESS         REF BY
           =====                   =======         ======
           ?REGISTERS              00000000 
    -------------------------------------------------------------------------
ISTACK
  Relative segment, address: IDATA 000000C0, align: 0
  Segment part 1.             Intra module refs:   Segment part 6
           ENTRY                   ADDRESS         REF BY
           =====                   =======         ======
           ?ISTACK_START           000000C0 
    -------------------------------------------------------------------------
XSTACK
  Relative segment, address: XDATA 00000001, align: 0
  Segment part 3.             Intra module refs:   ?RESET_XSP
           ENTRY                   ADDRESS         REF BY
           =====                   =======         ======
           ?XSTACK_START           00000001 
    -------------------------------------------------------------------------
INTVEC
  Common segment, address: CODE 00000000 - 00000002 (0x3 bytes), align: 0
  Segment part 5. ROOT.       Intra module refs:   Segment part 6
    -------------------------------------------------------------------------
CSTART
  Relative segment, address: CODE 000000D3 - 000000D8 (0x6 bytes), align: 0
  Segment part 6. ROOT.       Intra module refs:   Segment part 5
           ENTRY                   ADDRESS         REF BY
           =====                   =======         ======
           __program_start         000000D3        Absolute parts (?ABS_ENTRY_MOD)
           ?RESET_SP               000000D6 
    -------------------------------------------------------------------------
CSTART
  Relative segment, address: CODE 000000D9 - 000000DE (0x6 bytes), align: 0
  Segment part 8.
           ENTRY                   ADDRESS         REF BY
           =====                   =======         ======
           ?RESET_XSP              000000D9        ?XSP (VIRTUAL_REGISTERS)
    -------------------------------------------------------------------------
CSTART
  Relative segment, address: CODE 000000DF - 000000E1 (0x3 bytes), align: 0
  Segment part 13.            Intra module refs:   Absolute parts

    -------------------------------------------------------------------------
  LIBRARY MODULE, NAME : VIRTUAL_REGISTERS

  SEGMENTS IN THE MODULE
  ======================
BREG
  Relative segment, address: BIT 00000020.0 - 00000020.7 (0x8 bits), align: 0
  Segment part 0.
           ENTRY                   ADDRESS         REF BY
           =====                   =======         ======
           ?B0                     00000020.0      Absolute parts (CSTARTUP)
    -------------------------------------------------------------------------
VREG
  Relative segment, address: DATA 00000008, align: 0
  Segment part 1.
           ENTRY                   ADDRESS         REF BY
           =====                   =======         ======
           ?V0                     00000008        ?FUNC_ENTER_XDATA (?FUNC_ENTER_XDATA)
                                                   ?FUNC_LEAVE_XDATA (?FUNC_LEAVE_XDATA)
                                                   ?INTERRUPT_ENTER_XSP (?INTERRUPT_ENTER_XSP)
                                                   ?INTERRUPT_LEAVE_XSP (?INTERRUPT_LEAVE_XSP)
                                                   ?Subroutine3 (hal_rf)
                                                   basicRfSendPacket (basic_rf)
                                                   port0_ISR (hal_digio)
                                                   port1_ISR (hal_digio)
                                                   port2_ISR (hal_digio)
    -------------------------------------------------------------------------
XSP
  Relative segment, address: DATA 00000010 - 00000011 (0x2 bytes), align: 0
  Segment part 3.
           ENTRY                   ADDRESS         REF BY
           =====                   =======         ======
           ?XSP                    00000010        ?FUNC_ENTER_XDATA (?FUNC_ENTER_XDATA)
                                                   ?FUNC_LEAVE_XDATA (?FUNC_LEAVE_XDATA)
                                                   ?INTERRUPT_ENTER_XSP (?INTERRUPT_ENTER_XSP)
                                                   ?INTERRUPT_LEAVE_XSP (?INTERRUPT_LEAVE_XSP)
                                                   ?RESET_XSP (CSTARTUP)

    -------------------------------------------------------------------------
  LIBRARY MODULE, NAME : ?XLOAD_R2345

  SEGMENTS IN THE MODULE
  ======================
RCODE
  Relative segment, address: CODE 000000F7 - 00000102 (0xc bytes), align: 0
  Segment part 0.
           ENTRY                   ADDRESS         REF BY
           =====                   =======         ======
           ?XLOAD_R2345            000000F7        basicRfInit (basic_rf)

    -------------------------------------------------------------------------
  LIBRARY MODULE, NAME : ?XSTORE_R2345

  SEGMENTS IN THE MODULE
  ======================
RCODE
  Relative segment, address: CODE 00000103 - 0000010E (0xc bytes), align: 0
  Segment part 0.
           ENTRY                   ADDRESS         REF BY
           =====                   =======         ======
           ?XSTORE_R2345           00000103        basicRfInit (basic_rf)

    -------------------------------------------------------------------------
  LIBRARY MODULE, NAME : ?S_SHL

  SEGMENTS IN THE MODULE
  ======================
RCODE
  Relative segment, address: CODE 0000010F - 00000111 (0x3 bytes), align: 0
  Segment part 0.
           ENTRY                   ADDRESS         REF BY
           =====                   =======         ======
           ?S_SHL                  0000010F        port0_ISR (hal_digio)
                                                   port1_ISR (hal_digio)
                                                   port2_ISR (hal_digio)
    -------------------------------------------------------------------------
RCODE
  Relative segment, address: CODE 00000112 - 00000114 (0x3 bytes), align: 0
  Segment part 1.             Intra module refs:   Segment part 2
           ENTRY                   ADDRESS         REF BY
           =====                   =======         ======
           ?S_SHL_REW              00000112 
    -------------------------------------------------------------------------
RCODE
  Relative segment, address: CODE 00000115 - 00000121 (0xd bytes), align: 0
  Segment part 2.             Intra module refs:   ?S_SHL
                                                   ?S_SHL_REW

    -------------------------------------------------------------------------
  LIBRARY MODULE, NAME : ?CALL_IND

  SEGMENTS IN THE MODULE
  ======================
RCODE
  Relative segment, address: CODE 00000122 - 00000123 (0x2 bytes), align: 0
  Segment part 0.
           ENTRY                   ADDRESS         REF BY
           =====                   =======         ======
           ?CALL_IND               00000122        port0_ISR (hal_digio)
                                                   port1_ISR (hal_digio)
                                                   port2_ISR (hal_digio)
                                                   rfIsr (hal_rf)

    -------------------------------------------------------------------------
  LIBRARY MODULE, NAME : ?FUNC_ENTER_XDATA

  SEGMENTS IN THE MODULE
  ======================
RCODE
  Relative segment, address: CODE 00000124 - 00000189 (0x66 bytes), align: 0
  Segment part 1.
           ENTRY                   ADDRESS         REF BY
           =====                   =======         ======
           ?FUNC_ENTER_XDATA       00000124        basicRfSendPacket (basic_rf)
                                                   halMcuWaitMs (hal_mcu)
                                                   halRfWriteTxBuf (hal_rf)

    -------------------------------------------------------------------------
  LIBRARY MODULE, NAME : ?FUNC_LEAVE_XDATA

  SEGMENTS IN THE MODULE
  ======================
RCODE
  Relative segment, address: CODE 0000018A - 000001C9 (0x40 bytes), align: 0
  Segment part 1.
           ENTRY                   ADDRESS         REF BY
           =====                   =======         ======
           ?FUNC_LEAVE_XDATA       0000018A        ?Subroutine1 (hal_rf)
                                                   basicRfSendPacket (basic_rf)
                                                   halMcuWaitMs (hal_mcu)

    -------------------------------------------------------------------------
  LIBRARY MODULE, NAME : ?INTERRUPT_ENTER_XSP

  SEGMENTS IN THE MODULE
  ======================
RCODE
  Relative segment, address: CODE 000001CA - 00000228 (0x5f bytes), align: 0
  Segment part 1.
           ENTRY                   ADDRESS         REF BY
           =====                   =======         ======
           ?INTERRUPT_ENTER_XSP    000001CA        port0_ISR (hal_digio)
                                                   port1_ISR (hal_digio)
                                                   port2_ISR (hal_digio)
                                                   rfIsr (hal_rf)

    -------------------------------------------------------------------------
  LIBRARY MODULE, NAME : ?INTERRUPT_LEAVE_XSP

  SEGMENTS IN THE MODULE
  ======================
RCODE
  Relative segment, address: CODE 00000229 - 00000280 (0x58 bytes), align: 0
  Segment part 1.
           ENTRY                   ADDRESS         REF BY
           =====                   =======         ======
           ?INTERRUPT_LEAVE_XSP    00000229        ?Subroutine1 (hal_digio)
                                                   rfIsr (hal_rf)

    -------------------------------------------------------------------------
  LIBRARY MODULE, NAME : ?low_level_init

  SEGMENTS IN THE MODULE
  ======================
CSTART
  Relative segment, address: CODE 000000E2 - 000000E4 (0x3 bytes), align: 0
  Segment part 6. ROOT.
           ENTRY                   ADDRESS         REF BY
           =====                   =======         ======
           __low_level_init        000000E2        __low_level_init_call (?cmain)




                ****************************************
                *                                      *
                *            MODULE SUMMARY            *
                *                                      *
                ****************************************

Module                 CODE      DATA      XDATA  IDATA    BIT
------                 ----      ----      -----  -----    ---
                      (Rel)  (Rel)  (Abs)  (Rel)  (Rel)  (Rel)
?CALL_IND                 2
?FUNC_ENTER_XDATA       102
?FUNC_LEAVE_XDATA        64
?INTERRUPT_ENTER_XSP     95
?INTERRUPT_LEAVE_XSP     88
?S_SHL                   19
?XLOAD_R2345             12
?XSTORE_R2345            12
?cexit                    5
?cmain                   72
?low_level_init           3
CSTARTUP                 15
  + common                3
VIRTUAL_REGISTERS                2                           8
adc                                     5
basic_rf                644                  264
  + shared                                     4
clock                    88             3
  + shared                              1
hal_assert               29
hal_board                47             5
  + shared                             11
hal_button               76
hal_digio               285            10     42
  + shared              126             3
  + common
hal_int                   6
hal_joystick             13
hal_lcd_srf05                           1
hal_led                 130                    1
hal_mcu                 112             1
hal_rf                  395             5      4
  + common              134
hal_rf_security                         3
light_switch            112                    7
util                      9
N/A (command line)              16           256     64
N/A (alignment)
----------            -----     --     --    ---     --      -
Total:                2 435     18     48    578     64      8
  + common              134


                ****************************************
                *                                      *
                *      SEGMENTS IN ADDRESS ORDER       *
                *                                      *
                ****************************************


SEGMENT              SPACE    START ADDRESS   END ADDRESS     SIZE  TYPE  ALIGN
=======              =====    =============   ===========     ====  ====  =====
INTVEC               CODE          00000000 - 00000085          86   com    0
CSTART               CODE          00000086 - 000000E4          5F   rel    0
DATA_ID              CODE               000000E5                     dse    0
BDATA_ID             CODE               000000E5                     dse    0
BIT_ID               CODE               000000E5                     dse    0
IXDATA_ID            CODE               000000E5                     dse    0
PDATA_ID             CODE               000000E5                     dse    0
IDATA_ID             CODE               000000E5                     dse    0
XDATA_ID             CODE          000000E5 - 000000F6          12   rel    0
RCODE                CODE          000000F7 - 00000280         18A   rel    0
DIFUNCT              CODE               00000281                     dse    0
CODE_C               CODE               00000281                     dse    0
CODE_N               CODE               00000281                     dse    0
NEAR_CODE            CODE          00000281 - 00000A08         788   rel    0
REGISTERS            DATA          00000000 - 00000007           8   rel    0
VREG                 DATA          00000008 - 0000000F           8   rel    0
PSP                  DATA               00000010                     dse    0
XSP                  DATA          00000010 - 00000011           2   rel    0
BREG                 BIT        00000020.0  -  00000020.7        8   rel    0
SFR_AN               DATA          00000080 - 00000080           1   rel    0
                     DATA          00000088 - 0000008D           6 
                     DATA          0000008F - 00000091           3 
                     DATA          0000009A - 0000009B           2 
                     DATA          0000009D - 0000009E           2 
                     DATA          000000A0 - 000000A0           1 
                     DATA          000000A8 - 000000A8           1 
                     DATA          000000AB - 000000AC           2 
                     DATA          000000B1 - 000000B3           3 
                     DATA          000000B6 - 000000B6           1 
                     DATA          000000B8 - 000000B8           1 
                     DATA          000000BA - 000000BB           2 
                     DATA          000000BE - 000000BE           1 
                     DATA          000000C0 - 000000C0           1 
                     DATA          000000C6 - 000000C6           1 
                     DATA          000000C9 - 000000C9           1 
                     DATA          000000D9 - 000000D9           1 
                     DATA          000000E1 - 000000E1           1 
                     DATA          000000E8 - 000000E9           2 
                     DATA          000000F1 - 000000FF           F 
XSTACK               XDATA         00000001 - 00000100         100   rel    0
XDATA_Z              XDATA         00000101 - 00000230         130   rel    0
XDATA_I              XDATA         00000231 - 00000242          12   rel    0
ISTACK               IDATA         000000C0 - 000000FF          40   rel    0

                ****************************************
                *                                      *
                *        END OF CROSS REFERENCE        *
                *                                      *
                ****************************************

 2 569 bytes of CODE  memory
    18 bytes of DATA  memory (+ 48 absolute )
   578 bytes of XDATA memory
    64 bytes of IDATA memory
     8 bits  of BIT   memory

Errors: none
Warnings: none

