################################################################################
#                                                                              #
#      IAR Universal Linker V5.0.2.5/W32                                       #
#                                                                              #
#           Link time     =  13/Jun/2013  16:29:53                             #
#           Target CPU    =  x51                                               #
#           List file     =  "D:\work\andy2530\3.无线传输质量检测\andy CC2530  #
#                            BasicRF\ide\srf05_cc2530_91\iar\temp\per_test.map #
#                            "                                                 #
#           Output file 1 =  "D:\work\andy2530\3.无线传输质量检测\andy CC2530  #
#                            BasicRF\ide\srf05_cc2530_91\iar\per_test.hex"     #
#                            Format: intel-extended                            #
#           Output file 2 =  "D:\work\andy2530\3.无线传输质量检测\andy CC2530  #
#                            BasicRF\ide\srf05_cc2530_91\iar\per_test.d51"     #
#                            Format: debug                                     #
#                            UBROF version 10.0.3                              #
#                            Using library modules for C-SPY (-rt)             #
#           Command line  =  "-IC:\Program Files\IAR Systems\Embedded Workbenc #
#                            h 6.0 Evaluation\8051\CONFIG\"                    #
#                            -D_NR_OF_BANKS=0 -D_CODEBANK_END=0                #
#                            -D_CODEBANK_START=0                               #
#                            "D:\work\andy2530\3.无线传输质量检测\andy CC2530  #
#                            BasicRF\ide\srf05_cc2530_91\iar\temp\per_test\adc #
#                            .r51"                                             #
#                            "D:\work\andy2530\3.无线传输质量检测\andy CC2530  #
#                            BasicRF\ide\srf05_cc2530_91\iar\temp\per_test\bas #
#                            ic_rf.r51"                                        #
#                            "D:\work\andy2530\3.无线传输质量检测\andy CC2530  #
#                            BasicRF\ide\srf05_cc2530_91\iar\temp\per_test\clo #
#                            ck.r51"                                           #
#                            "D:\work\andy2530\3.无线传输质量检测\andy CC2530  #
#                            BasicRF\ide\srf05_cc2530_91\iar\temp\per_test\hal #
#                            _assert.r51"                                      #
#                            "D:\work\andy2530\3.无线传输质量检测\andy CC2530  #
#                            BasicRF\ide\srf05_cc2530_91\iar\temp\per_test\hal #
#                            _board.r51"                                       #
#                            "D:\work\andy2530\3.无线传输质量检测\andy CC2530  #
#                            BasicRF\ide\srf05_cc2530_91\iar\temp\per_test\hal #
#                            _button.r51"                                      #
#                            "D:\work\andy2530\3.无线传输质量检测\andy CC2530  #
#                            BasicRF\ide\srf05_cc2530_91\iar\temp\per_test\hal #
#                            _digio.r51"                                       #
#                            "D:\work\andy2530\3.无线传输质量检测\andy CC2530  #
#                            BasicRF\ide\srf05_cc2530_91\iar\temp\per_test\hal #
#                            _int.r51"                                         #
#                            "D:\work\andy2530\3.无线传输质量检测\andy CC2530  #
#                            BasicRF\ide\srf05_cc2530_91\iar\temp\per_test\hal #
#                            _joystick.r51"                                    #
#                            "D:\work\andy2530\3.无线传输质量检测\andy CC2530  #
#                            BasicRF\ide\srf05_cc2530_91\iar\temp\per_test\hal #
#                            _lcd_srf05.r51"                                   #
#                            "D:\work\andy2530\3.无线传输质量检测\andy CC2530  #
#                            BasicRF\ide\srf05_cc2530_91\iar\temp\per_test\hal #
#                            _led.r51"                                         #
#                            "D:\work\andy2530\3.无线传输质量检测\andy CC2530  #
#                            BasicRF\ide\srf05_cc2530_91\iar\temp\per_test\hal #
#                            _mcu.r51"                                         #
#                            "D:\work\andy2530\3.无线传输质量检测\andy CC2530  #
#                            BasicRF\ide\srf05_cc2530_91\iar\temp\per_test\hal #
#                            _rf.r51"                                          #
#                            "D:\work\andy2530\3.无线传输质量检测\andy CC2530  #
#                            BasicRF\ide\srf05_cc2530_91\iar\temp\per_test\hal #
#                            _timer_32k.r51"                                   #
#                            "D:\work\andy2530\3.无线传输质量检测\andy CC2530  #
#                            BasicRF\ide\srf05_cc2530_91\iar\temp\per_test\per #
#                            _test.r51"                                        #
#                            "D:\work\andy2530\3.无线传输质量检测\andy CC2530  #
#                            BasicRF\ide\srf05_cc2530_91\iar\temp\per_test\per #
#                            _test_menu.r51"                                   #
#                            "D:\work\andy2530\3.无线传输质量检测\andy CC2530  #
#                            BasicRF\ide\srf05_cc2530_91\iar\temp\per_test\uti #
#                            l.r51"                                            #
#                            "D:\work\andy2530\3.无线传输质量检测\andy CC2530  #
#                            BasicRF\ide\srf05_cc2530_91\iar\temp\per_test\uti #
#                            l_buffer.r51"                                     #
#                            "D:\work\andy2530\3.无线传输质量检测\andy CC2530  #
#                            BasicRF\ide\srf05_cc2530_91\iar\temp\per_test\uti #
#                            l_lcd.r51"                                        #
#                            -o                                                #
#                            "D:\work\andy2530\3.无线传输质量检测\andy CC2530  #
#                            BasicRF\ide\srf05_cc2530_91\iar\per_test.d51"     #
#                            -l                                                #
#                            "D:\work\andy2530\3.无线传输质量检测\andy CC2530  #
#                            BasicRF\ide\srf05_cc2530_91\iar\temp\per_test.map #
#                            "                                                 #
#                            -xmsn                                             #
#                            "-IC:\Program Files\IAR Systems\Embedded Workbenc #
#                            h 6.0 Evaluation\8051\LIB\"                       #
#                            -f                                                #
#                            "C:\Program Files\IAR Systems\Embedded Workbench  #
#                            6.0 Evaluation\8051\config\devices\Texas Instrume #
#                            nts\lnk51ew_cc2530F256.xcl"                       #
#                            (-D_IDATA0_START=0x00 -D_IDATA0_END=0xFF          #
#                            -D_PDATA0_START=0x1E00 -D_PDATA0_END=0x1EFF       #
#                            -D_IXDATA0_START=0x0001 -D_IXDATA0_END=0x1EFF     #
#                            -D_XDATA0_START=_IXDATA0_START                    #
#                            -D_XDATA0_END=_IXDATA0_END                        #
#                            -D_CODE0_START=0x0000 -D_CODE0_END=0xFFFF         #
#                            -D?REGISTER_BANK=0x0 -D_REGISTER_BANK_START=0x0   #
#                            -D_BREG_START=0x00 -D?VB=0x20 -D?ESP=0x9B         #
#                            -Z(BIT)BREG=_BREG_START -Z(BIT)BIT_N=0-7F         #
#                            -Z(DATA)REGISTERS+8=_REGISTER_BANK_START          #
#                            -Z(DATA)BDATA_Z,BDATA_N,BDATA_I=20-2F             #
#                            -Z(DATA)VREG+_NR_OF_VIRTUAL_REGISTERS=08-7F       #
#                            -Z(DATA)PSP,XSP=08-7F -Z(DATA)DOVERLAY=08-7F      #
#                            -Z(DATA)DATA_I,DATA_Z,DATA_N=08-7F                #
#                            -U(IDATA)0-7F=(DATA)0-7F                          #
#                            -Z(IDATA)IDATA_I,IDATA_Z,IDATA_N=08-_IDATA0_END   #
#                            -Z(IDATA)ISTACK+_IDATA_STACK_SIZE#08-_IDATA0_END  #
#                            -Z(IDATA)IOVERLAY=08-FF -Z(CODE)INTVEC=0          #
#                            -Z(CODE)CSTART=_CODE0_START-_CODE0_END            #
#                            -Z(CODE)BIT_ID,BDATA_ID,DATA_ID,IDATA_ID,IXDATA_I #
#                            D,PDATA_ID,XDATA_ID=_CODE0_START-_CODE0_END       #
#                            -Z(CODE)RCODE,DIFUNCT,CODE_C,CODE_N,NEAR_CODE=_CO #
#                            DE0_START-_CODE0_END                              #
#                            -Z(CODE)CHECKSUM#_CODE0_END                       #
#                            -Z(XDATA)PDATA_Z,PDATA_I=_PDATA0_START-_PDATA0_EN #
#                            D                                                 #
#                            -P(XDATA)PDATA_N=_PDATA0_START-_PDATA0_END        #
#                            -Z(XDATA)PSTACK+_PDATA_STACK_SIZE=_PDATA0_START-_ #
#                            PDATA0_END                                        #
#                            -Z(XDATA)EXT_STACK+_EXTENDED_STACK_SIZE=_EXTENDED #
#                            _STACK_START                                      #
#                            -Z(XDATA)XSTACK+_XDATA_STACK_SIZE=_XDATA0_START-_ #
#                            XDATA0_END                                        #
#                            -Z(XDATA)IXDATA_Z,IXDATA_I=_IXDATA0_START-_IXDATA #
#                            0_END                                             #
#                            -P(XDATA)IXDATA_N=_IXDATA0_START-_IXDATA0_END     #
#                            -Z(XDATA)XDATA_Z,XDATA_I=_XDATA0_START-_XDATA0_EN #
#                            D                                                 #
#                            -P(XDATA)XDATA_N=_XDATA0_START-_XDATA0_END        #
#                            -Z(XDATA)XDATA_HEAP+_XDATA_HEAP_SIZE=_XDATA0_STAR #
#                            T-_XDATA0_END                                     #
#                            -Z(CONST)XDATA_ROM_C=_XDATA0_START-_XDATA0_END    #
#                            -cx51) -D_NR_OF_VIRTUAL_REGISTERS=8               #
#                            -D?PBANK=0x93 -e_medium_write=_formatted_write    #
#                            -e_medium_read=_formatted_read -rt                #
#                            "-Ointel-extended=D:\work\andy2530\3.无线传输质量 #
#                            检测\andy CC2530 BasicRF\ide\srf05_cc2530_91\iar\ #
#                            per_test.hex"                                     #
#                            -s __program_start                                #
#                            "C:\Program Files\IAR Systems\Embedded Workbench  #
#                            6.0 Evaluation\8051\LIB\CLIB\cl-pli-nlxd-1e16x01. #
#                            r51"                                              #
#                            -D_IDATA_STACK_SIZE=0x40                          #
#                            -D_EXTENDED_STACK_START=0x00                      #
#                            -D_EXTENDED_STACK_SIZE=0x00                       #
#                            -D_PDATA_STACK_SIZE=0x80                          #
#                            -D_XDATA_STACK_SIZE=0x100                         #
#                            -D_XDATA_HEAP_SIZE=0xFF -D_FAR_HEAP_SIZE=0xFFF    #
#                            -D_HUGE_HEAP_SIZE=0xFFF                           #
#                            -D_FAR22_HEAP_SIZE=0xFFF                          #
#                                                                              #
#                           Copyright (C) 1987-2010 IAR Systems AB.            #
################################################################################





                ****************************************
                *                                      *
                *           CROSS REFERENCE            *
                *                                      *
                ****************************************

       Program entry at : CODE      000000D3  Relocatable, from module : CSTARTUP




                ****************************************
                *                                      *
                *            RUNTIME MODEL             *
                *                                      *
                ****************************************

  __SystemLibrary          = CLib
  __calling_convention     = xdata_reentrant
  __code_model             = near
  __core                   = plain
  __data_model             = large
  __dptr_size              = 16
  __extended_stack         = disabled
  __location_for_constants = data
  __number_of_dptrs        = 1
  __rt_version             = 1



                ****************************************
                *                                      *
                *              MODULE MAP              *
                *                                      *
                ****************************************


  DEFINED ABSOLUTE ENTRIES
    *************************************************************************

  DEFINED ABSOLUTE ENTRIES
  PROGRAM MODULE, NAME : ?ABS_ENTRY_MOD

Absolute parts
           ENTRY                   ADDRESS         REF BY
           =====                   =======         ======
           _FAR22_HEAP_SIZE        00000FFF 
           _HUGE_HEAP_SIZE         00000FFF 
           _FAR_HEAP_SIZE          00000FFF 
           _XDATA_HEAP_SIZE        000000FF 
           _XDATA_STACK_SIZE       00000100 
           _PDATA_STACK_SIZE       00000080 
           _EXTENDED_STACK_SIZE    00000000 
           _EXTENDED_STACK_START   00000000 
           _IDATA_STACK_SIZE       00000040 
           ?PBANK                  00000093 
           _NR_OF_VIRTUAL_REGISTERS
                                   00000008 
           ?ESP                    0000009B 
           ?VB                     00000020        ?FUNC_ENTER_XDATA (?FUNC_ENTER_XDATA)
                                                   ?FUNC_LEAVE_XDATA (?FUNC_LEAVE_XDATA)
                                                   ?INTERRUPT_ENTER_XSP (?INTERRUPT_ENTER_XSP)
                                                   ?INTERRUPT_LEAVE_XSP (?INTERRUPT_LEAVE_XSP)
           _BREG_START             00000000 
           _REGISTER_BANK_START    00000000 
           ?REGISTER_BANK          00000000        Segment part 6 (CSTARTUP)
           _CODE0_END              0000FFFF 
           _CODE0_START            00000000 
           _XDATA0_END             00001EFF 
           _XDATA0_START           00000001 
           _IXDATA0_END            00001EFF 
           _IXDATA0_START          00000001 
           _PDATA0_END             00001EFF 
           _PDATA0_START           00001E00 
           _IDATA0_END             000000FF 
           _IDATA0_START           00000000 
           _CODEBANK_START         00000000 
           _CODEBANK_END           00000000 
           _NR_OF_BANKS            00000000 
    *************************************************************************

  FILE NAME : D:\work\andy2530\3.无线传输质量检测\andy CC2530 BasicRF\ide\srf05_cc2530_91\iar\temp\per_test\adc.r51
  PROGRAM MODULE, NAME : adc

  SEGMENTS IN THE MODULE
  ======================
SFR_AN
  Relative segment, address: DATA 00000088 - 00000088 (0x1 bytes), align: 0
  Segment part 1. ROOT.
           ENTRY                   ADDRESS         REF BY
           =====                   =======         ======
           _A_TCON                 00000088 
           LOCAL                   ADDRESS         
           =====                   =======         
           TCON                    00000088 
    -------------------------------------------------------------------------
SFR_AN
  Relative segment, address: DATA 000000B6 - 000000B6 (0x1 bytes), align: 0
  Segment part 2. ROOT.
           ENTRY                   ADDRESS         REF BY
           =====                   =======         ======
           ADCCON3                 000000B6 
    -------------------------------------------------------------------------
SFR_AN
  Relative segment, address: DATA 000000BA - 000000BA (0x1 bytes), align: 0
  Segment part 3. ROOT.
           ENTRY                   ADDRESS         REF BY
           =====                   =======         ======
           ADCL                    000000BA 
    -------------------------------------------------------------------------
SFR_AN
  Relative segment, address: DATA 000000BB - 000000BB (0x1 bytes), align: 0
  Segment part 4. ROOT.
           ENTRY                   ADDRESS         REF BY
           =====                   =======         ======
           ADCH                    000000BB 
    -------------------------------------------------------------------------
SFR_AN
  Relative segment, address: DATA 000000F2 - 000000F2 (0x1 bytes), align: 0
  Segment part 5. ROOT.
           ENTRY                   ADDRESS         REF BY
           =====                   =======         ======
           ADCCFG                  000000F2 

    *************************************************************************

  FILE NAME : D:\work\andy2530\3.无线传输质量检测\andy CC2530 BasicRF\ide\srf05_cc2530_91\iar\temp\per_test\basic_rf.r51
  PROGRAM MODULE, NAME : basic_rf

  SEGMENTS IN THE MODULE
  ======================
XDATA_I
  Relative segment, address: XDATA 0000023E - 00000249 (0xc bytes), align: 0
  Segment part 6.             Intra module refs:   basicRfInit
                                                   basicRfRxFrmDoneIsr
           LOCAL                   ADDRESS         
           =====                   =======         
           rxi                     0000023E 
    -------------------------------------------------------------------------
XDATA_I
  Relative segment, address: XDATA 0000024A - 0000024D (0x4 bytes), align: 0
  Segment part 12.            Intra module refs:   appTransmitter (per_test)
                                                   basicRfInit
           ENTRY                   ADDRESS         REF BY
           =====                   =======         ======
           __Constant_0            0000024A 
    -------------------------------------------------------------------------
XDATA_Z
  Relative segment, address: XDATA 00000101 - 00000107 (0x7 bytes), align: 0
  Segment part 8.             Intra module refs:   basicRfInit
                                                   basicRfReceiveOff
                                                   basicRfRxFrmDoneIsr
                                                   basicRfSendPacket
           LOCAL                   ADDRESS         
           =====                   =======         
           txState                 00000101 
    -------------------------------------------------------------------------
XDATA_Z
  Relative segment, address: XDATA 00000108 - 00000109 (0x2 bytes), align: 0
  Segment part 9.             Intra module refs:   ?Subroutine3
                                                   ?Subroutine4
                                                   basicRfInit
                                                   basicRfSendPacket
           LOCAL                   ADDRESS         
           =====                   =======         
           pConfig                 00000108 
    -------------------------------------------------------------------------
XDATA_Z
  Relative segment, address: XDATA 0000010A - 0000017C (0x73 bytes), align: 0
  Segment part 10.            Intra module refs:   basicRfSendPacket
           LOCAL                   ADDRESS         
           =====                   =======         
           txMpdu                  0000010A 
    -------------------------------------------------------------------------
XDATA_Z
  Relative segment, address: XDATA 0000017D - 000001FC (0x80 bytes), align: 0
  Segment part 11.            Intra module refs:   basicRfRxFrmDoneIsr
           LOCAL                   ADDRESS         
           =====                   =======         
           rxMpdu                  0000017D 
    -------------------------------------------------------------------------
NEAR_CODE
  Relative segment, address: CODE 000003EC - 000004D7 (0xec bytes), align: 0
  Segment part 14.            Intra module refs:   basicRfInit
           LOCAL                   ADDRESS         
           =====                   =======         
           basicRfRxFrmDoneIsr     000003EC 
               calls direct, is indirectly called
               ISTACK = 00000000 ( 00000002 )
    -------------------------------------------------------------------------
NEAR_CODE
  Relative segment, address: CODE 000004D8 - 0000053F (0x68 bytes), align: 0
  Segment part 15.
           ENTRY                   ADDRESS         REF BY
           =====                   =======         ======
           basicRfInit             000004D8        appTransmitter (per_test)
               calls direct
               ISTACK = 00000000 ( 00000002 )
    -------------------------------------------------------------------------
NEAR_CODE
  Relative segment, address: CODE 00000540 - 00000543 (0x4 bytes), align: 0
  Segment part 16.            Intra module refs:   basicRfInit
           LOCAL                   ADDRESS         
           =====                   =======         
           ?Subroutine2            00000540 
    -------------------------------------------------------------------------
NEAR_CODE
  Relative segment, address: CODE 00000544 - 00000549 (0x6 bytes), align: 0
  Segment part 17.            Intra module refs:   ?Subroutine1
                                                   ?Subroutine2
           LOCAL                   ADDRESS         
           =====                   =======         
           ?Subroutine4            00000544 
    -------------------------------------------------------------------------
NEAR_CODE
  Relative segment, address: CODE 0000054A - 00000551 (0x8 bytes), align: 0
  Segment part 18.            Intra module refs:   ?Subroutine4
                                                   basicRfSendPacket
    -------------------------------------------------------------------------
NEAR_CODE
  Relative segment, address: CODE 00000552 - 00000556 (0x5 bytes), align: 0
  Segment part 20.            Intra module refs:   basicRfInit
                                                   basicRfReceiveOff
                                                   basicRfRxFrmDoneIsr
    -------------------------------------------------------------------------
NEAR_CODE
  Relative segment, address: CODE 00000557 - 0000063B (0xe5 bytes), align: 0
  Segment part 21.
           ENTRY                   ADDRESS         REF BY
           =====                   =======         ======
           basicRfSendPacket       00000557        appTransmitter (per_test)
               calls direct
               XSTACK = 00000000 ( 0000000A )
               ISTACK = 00000000 ( 00000001 )
    -------------------------------------------------------------------------
NEAR_CODE
  Relative segment, address: CODE 0000063C - 00000648 (0xd bytes), align: 0
  Segment part 22.            Intra module refs:   basicRfInit
                                                   basicRfSendPacket
           LOCAL                   ADDRESS         
           =====                   =======         
           ?Subroutine3            0000063C 
    -------------------------------------------------------------------------
NEAR_CODE
  Relative segment, address: CODE 00000649 - 00000650 (0x8 bytes), align: 0
  Segment part 23.            Intra module refs:   basicRfSendPacket
           LOCAL                   ADDRESS         
           =====                   =======         
           ?Subroutine1            00000649 
    -------------------------------------------------------------------------
NEAR_CODE
  Relative segment, address: CODE 00000651 - 0000065F (0xf bytes), align: 0
  Segment part 28.
           ENTRY                   ADDRESS         REF BY
           =====                   =======         ======
           basicRfReceiveOff       00000651        appTransmitter (per_test)
               calls direct
               ISTACK = 00000000 ( 00000002 )
    -------------------------------------------------------------------------
XDATA_ID
  Relative segment, address: CODE 000000E5 - 000000F0 (0xc bytes), align: 0
  Segment part 7.             Intra module refs:   rxi
    -------------------------------------------------------------------------
XDATA_ID
  Relative segment, address: CODE 000000F1 - 000000F4 (0x4 bytes), align: 0
  Segment part 13.            Intra module refs:   __Constant_0

    *************************************************************************

  FILE NAME : D:\work\andy2530\3.无线传输质量检测\andy CC2530 BasicRF\ide\srf05_cc2530_91\iar\temp\per_test\clock.r51
  PROGRAM MODULE, NAME : clock

  SEGMENTS IN THE MODULE
  ======================
SFR_AN
  Relative segment, address: DATA 0000009D - 0000009D (0x1 bytes), align: 0
  Segment part 1. ROOT.       Intra module refs:   clockSetMainSrc
           ENTRY                   ADDRESS         REF BY
           =====                   =======         ======
           SLEEPSTA                0000009D 
    -------------------------------------------------------------------------
SFR_AN
  Relative segment, address: DATA 0000009E - 0000009E (0x1 bytes), align: 0
  Segment part 2. ROOT.       Intra module refs:   clockSelect32k
                                                   clockSetMainSrc
           ENTRY                   ADDRESS         REF BY
           =====                   =======         ======
           CLKCONSTA               0000009E 
    -------------------------------------------------------------------------
SFR_AN
  Relative segment, address: DATA 000000BE - 000000BE (0x1 bytes), align: 0
  Segment part 3. ROOT.       Intra module refs:   clockSetMainSrc
           ENTRY                   ADDRESS         REF BY
           =====                   =======         ======
           SLEEPCMD                000000BE 
    -------------------------------------------------------------------------
SFR_AN
  Relative segment, address: DATA 000000C6 - 000000C6 (0x1 bytes), align: 0
  Segment part 4. ROOT.       Intra module refs:   clockSelect32k
                                                   clockSetMainSrc
           ENTRY                   ADDRESS         REF BY
           =====                   =======         ======
           CLKCONCMD               000000C6 
    -------------------------------------------------------------------------
NEAR_CODE
  Relative segment, address: CODE 00000660 - 00000691 (0x32 bytes), align: 0
  Segment part 10.
           ENTRY                   ADDRESS         REF BY
           =====                   =======         ======
           clockSetMainSrc         00000660        halMcuInit (hal_mcu)
    -------------------------------------------------------------------------
NEAR_CODE
  Relative segment, address: CODE 00000692 - 000006B7 (0x26 bytes), align: 0
  Segment part 11.
           ENTRY                   ADDRESS         REF BY
           =====                   =======         ======
           clockSelect32k          00000692        halMcuInit (hal_mcu)

    *************************************************************************

  FILE NAME : D:\work\andy2530\3.无线传输质量检测\andy CC2530 BasicRF\ide\srf05_cc2530_91\iar\temp\per_test\hal_assert.r51
  PROGRAM MODULE, NAME : hal_assert

  SEGMENTS IN THE MODULE
  ======================
NEAR_CODE
  Relative segment, address: CODE 000006B8 - 000006D4 (0x1d bytes), align: 0
  Segment part 6.
           ENTRY                   ADDRESS         REF BY
           =====                   =======         ======
           halAssertHandler        000006B8        appTransmitter (per_test)
                                                   halMcuInit (hal_mcu)
                                                   halTimer32kInit (hal_timer_32k)
                                                   main (per_test)
               calls direct

    *************************************************************************

  FILE NAME : D:\work\andy2530\3.无线传输质量检测\andy CC2530 BasicRF\ide\srf05_cc2530_91\iar\temp\per_test\hal_board.r51
  PROGRAM MODULE, NAME : hal_board

  SEGMENTS IN THE MODULE
  ======================
SFR_AN
  Relative segment, address: DATA 00000080 - 00000080 (0x1 bytes), align: 0
  Segment part 1. ROOT.       Intra module refs:   halBoardInit
                                                   halLedSet (hal_led)
                                                   halLedToggle (hal_led)
                                                   halRfSetGain (hal_rf)
           ENTRY                   ADDRESS         REF BY
           =====                   =======         ======
           _A_P0                   00000080 
           LOCAL                   ADDRESS         
           =====                   =======         
           P0                      00000080 
    -------------------------------------------------------------------------
SFR_AN
  Relative segment, address: DATA 0000008F - 0000008F (0x1 bytes), align: 0
  Segment part 2. ROOT.       Intra module refs:   halBoardInit
           ENTRY                   ADDRESS         REF BY
           =====                   =======         ======
           P0INP                   0000008F 
    -------------------------------------------------------------------------
SFR_AN
  Relative segment, address: DATA 00000090 - 00000090 (0x1 bytes), align: 0
  Segment part 3. ROOT.       Intra module refs:   halBoardInit
                                                   halLedSet (hal_led)
                                                   halLedToggle (hal_led)
           ENTRY                   ADDRESS         REF BY
           =====                   =======         ======
           _A_P1                   00000090 
           LOCAL                   ADDRESS         
           =====                   =======         
           P1                      00000090 
    -------------------------------------------------------------------------
SFR_AN
  Relative segment, address: DATA 000000F1 - 000000F1 (0x1 bytes), align: 0
  Segment part 5. ROOT.
           ENTRY                   ADDRESS         REF BY
           =====                   =======         ======
           PERCFG                  000000F1 
    -------------------------------------------------------------------------
SFR_AN
  Relative segment, address: DATA 000000F3 - 000000F3 (0x1 bytes), align: 0
  Segment part 6. ROOT.       Intra module refs:   halBoardInit
           ENTRY                   ADDRESS         REF BY
           =====                   =======         ======
           P0SEL                   000000F3 
    -------------------------------------------------------------------------
SFR_AN
  Relative segment, address: DATA 000000F4 - 000000F4 (0x1 bytes), align: 0
  Segment part 7. ROOT.
           ENTRY                   ADDRESS         REF BY
           =====                   =======         ======
           P1SEL                   000000F4 
    -------------------------------------------------------------------------
SFR_AN
  Relative segment, address: DATA 000000F5 - 000000F5 (0x1 bytes), align: 0
  Segment part 8. ROOT.       Intra module refs:   halBoardInit
           ENTRY                   ADDRESS         REF BY
           =====                   =======         ======
           P2SEL                   000000F5 
    -------------------------------------------------------------------------
SFR_AN
  Relative segment, address: DATA 000000F6 - 000000F6 (0x1 bytes), align: 0
  Segment part 9. ROOT.
           ENTRY                   ADDRESS         REF BY
           =====                   =======         ======
           P1INP                   000000F6 
    -------------------------------------------------------------------------
SFR_AN
  Relative segment, address: DATA 000000F7 - 000000F7 (0x1 bytes), align: 0
  Segment part 10. ROOT.      Intra module refs:   halBoardInit
           ENTRY                   ADDRESS         REF BY
           =====                   =======         ======
           P2INP                   000000F7 
    -------------------------------------------------------------------------
SFR_AN
  Relative segment, address: DATA 000000F8 - 000000F8 (0x1 bytes), align: 0
  Segment part 11. ROOT.
           ENTRY                   ADDRESS         REF BY
           =====                   =======         ======
           _A_U1CSR                000000F8 
           LOCAL                   ADDRESS         
           =====                   =======         
           U1CSR                   000000F8 
    -------------------------------------------------------------------------
SFR_AN
  Relative segment, address: DATA 000000FA - 000000FA (0x1 bytes), align: 0
  Segment part 12. ROOT.
           ENTRY                   ADDRESS         REF BY
           =====                   =======         ======
           U1BAUD                  000000FA 
    -------------------------------------------------------------------------
SFR_AN
  Relative segment, address: DATA 000000FB - 000000FB (0x1 bytes), align: 0
  Segment part 13. ROOT.
           ENTRY                   ADDRESS         REF BY
           =====                   =======         ======
           U1UCR                   000000FB 
    -------------------------------------------------------------------------
SFR_AN
  Relative segment, address: DATA 000000FC - 000000FC (0x1 bytes), align: 0
  Segment part 14. ROOT.
           ENTRY                   ADDRESS         REF BY
           =====                   =======         ======
           U1GCR                   000000FC 
    -------------------------------------------------------------------------
SFR_AN
  Relative segment, address: DATA 000000FD - 000000FD (0x1 bytes), align: 0
  Segment part 15. ROOT.      Intra module refs:   halBoardInit
                                                   halRfInit (hal_rf)
           ENTRY                   ADDRESS         REF BY
           =====                   =======         ======
           P0DIR                   000000FD 
    -------------------------------------------------------------------------
SFR_AN
  Relative segment, address: DATA 000000FE - 000000FE (0x1 bytes), align: 0
  Segment part 16. ROOT.      Intra module refs:   halBoardInit
           ENTRY                   ADDRESS         REF BY
           =====                   =======         ======
           P1DIR                   000000FE 
    -------------------------------------------------------------------------
SFR_AN
  Relative segment, address: DATA 000000FF - 000000FF (0x1 bytes), align: 0
  Segment part 17. ROOT.      Intra module refs:   halBoardInit
           ENTRY                   ADDRESS         REF BY
           =====                   =======         ======
           P2DIR                   000000FF 
    -------------------------------------------------------------------------
NEAR_CODE
  Relative segment, address: CODE 000006D5 - 00000703 (0x2f bytes), align: 0
  Segment part 23.
           ENTRY                   ADDRESS         REF BY
           =====                   =======         ======
           halBoardInit            000006D5        main (per_test)
               calls direct

    *************************************************************************

  FILE NAME : D:\work\andy2530\3.无线传输质量检测\andy CC2530 BasicRF\ide\srf05_cc2530_91\iar\temp\per_test\hal_button.r51
  PROGRAM MODULE, NAME : hal_button

  SEGMENTS IN THE MODULE
  ======================

    *************************************************************************

  FILE NAME : D:\work\andy2530\3.无线传输质量检测\andy CC2530 BasicRF\ide\srf05_cc2530_91\iar\temp\per_test\hal_digio.r51
  PROGRAM MODULE, NAME : hal_digio

  SEGMENTS IN THE MODULE
  ======================
SFR_AN
  Relative segment, address: DATA 00000089 - 00000089 (0x1 bytes), align: 0
  Segment part 2. ROOT.       Intra module refs:   port0_ISR
           ENTRY                   ADDRESS         REF BY
           =====                   =======         ======
           P0IFG                   00000089 
    -------------------------------------------------------------------------
SFR_AN
  Relative segment, address: DATA 0000008A - 0000008A (0x1 bytes), align: 0
  Segment part 3. ROOT.       Intra module refs:   port1_ISR
           ENTRY                   ADDRESS         REF BY
           =====                   =======         ======
           P1IFG                   0000008A 
    -------------------------------------------------------------------------
SFR_AN
  Relative segment, address: DATA 0000008B - 0000008B (0x1 bytes), align: 0
  Segment part 4. ROOT.       Intra module refs:   port2_ISR
           ENTRY                   ADDRESS         REF BY
           =====                   =======         ======
           P2IFG                   0000008B 
    -------------------------------------------------------------------------
SFR_AN
  Relative segment, address: DATA 0000008C - 0000008C (0x1 bytes), align: 0
  Segment part 5. ROOT.
           ENTRY                   ADDRESS         REF BY
           =====                   =======         ======
           PICTL                   0000008C 
    -------------------------------------------------------------------------
SFR_AN
  Relative segment, address: DATA 0000008D - 0000008D (0x1 bytes), align: 0
  Segment part 6. ROOT.
           ENTRY                   ADDRESS         REF BY
           =====                   =======         ======
           P1IEN                   0000008D 
    -------------------------------------------------------------------------
SFR_AN
  Relative segment, address: DATA 0000009A - 0000009A (0x1 bytes), align: 0
  Segment part 8. ROOT.       Intra module refs:   halRfDisableRxInterrupt (hal_rf)
                                                   halRfEnableRxInterrupt (hal_rf)
           ENTRY                   ADDRESS         REF BY
           =====                   =======         ======
           IEN2                    0000009A 
    -------------------------------------------------------------------------
SFR_AN
  Relative segment, address: DATA 000000A0 - 000000A0 (0x1 bytes), align: 0
  Segment part 9. ROOT.
           ENTRY                   ADDRESS         REF BY
           =====                   =======         ======
           _A_P2                   000000A0 
           LOCAL                   ADDRESS         
           =====                   =======         
           P2                      000000A0 
    -------------------------------------------------------------------------
SFR_AN
  Relative segment, address: DATA 000000A8 - 000000A8 (0x1 bytes), align: 0
  Segment part 10. ROOT.      Intra module refs:   halIntOff (hal_int)
                                                   halIntOn (hal_int)
                                                   halRfRxInterruptConfig (hal_rf)
                                                   halTimer32kIntConnect (hal_timer_32k)
                                                   rfIsr (hal_rf)
           ENTRY                   ADDRESS         REF BY
           =====                   =======         ======
           _A_IEN0                 000000A8 
           LOCAL                   ADDRESS         
           =====                   =======         
           IEN0                    000000A8 
    -------------------------------------------------------------------------
SFR_AN
  Relative segment, address: DATA 000000AB - 000000AB (0x1 bytes), align: 0
  Segment part 11. ROOT.
           ENTRY                   ADDRESS         REF BY
           =====                   =======         ======
           P0IEN                   000000AB 
    -------------------------------------------------------------------------
SFR_AN
  Relative segment, address: DATA 000000AC - 000000AC (0x1 bytes), align: 0
  Segment part 12. ROOT.
           ENTRY                   ADDRESS         REF BY
           =====                   =======         ======
           P2IEN                   000000AC 
    -------------------------------------------------------------------------
SFR_AN
  Relative segment, address: DATA 000000B8 - 000000B8 (0x1 bytes), align: 0
  Segment part 13. ROOT.      Intra module refs:   halTimer32kInit (hal_timer_32k)
           ENTRY                   ADDRESS         REF BY
           =====                   =======         ======
           _A_IEN1                 000000B8 
           LOCAL                   ADDRESS         
           =====                   =======         
           IEN1                    000000B8 
    -------------------------------------------------------------------------
SFR_AN
  Relative segment, address: DATA 000000C0 - 000000C0 (0x1 bytes), align: 0
  Segment part 14. ROOT.      Intra module refs:   port0_ISR
           ENTRY                   ADDRESS         REF BY
           =====                   =======         ======
           _A_IRCON                000000C0 
           LOCAL                   ADDRESS         
           =====                   =======         
           IRCON                   000000C0 
    -------------------------------------------------------------------------
SFR_AN
  Relative segment, address: DATA 000000E8 - 000000E8 (0x1 bytes), align: 0
  Segment part 15. ROOT.      Intra module refs:   port1_ISR
                                                   port2_ISR
           ENTRY                   ADDRESS         REF BY
           =====                   =======         ======
           _A_IRCON2               000000E8 
           LOCAL                   ADDRESS         
           =====                   =======         
           IRCON2                  000000E8 
    -------------------------------------------------------------------------
XDATA_Z
  Relative segment, address: XDATA 000001FD - 0000020C (0x10 bytes), align: 0
  Segment part 30.            Intra module refs:   port0_ISR
           LOCAL                   ADDRESS         
           =====                   =======         
           port0_isr_tbl           000001FD 
    -------------------------------------------------------------------------
XDATA_Z
  Relative segment, address: XDATA 0000020D - 0000021C (0x10 bytes), align: 0
  Segment part 31.            Intra module refs:   port1_ISR
           LOCAL                   ADDRESS         
           =====                   =======         
           port1_isr_tbl           0000020D 
    -------------------------------------------------------------------------
XDATA_Z
  Relative segment, address: XDATA 0000021D - 00000226 (0xa bytes), align: 0
  Segment part 32.            Intra module refs:   port2_ISR
           LOCAL                   ADDRESS         
           =====                   =======         
           port2_isr_tbl           0000021D 
    -------------------------------------------------------------------------
NEAR_CODE
  Relative segment, address: CODE 00000704 - 00000757 (0x54 bytes), align: 0
  Segment part 45.            Intra module refs:   port0_ISR::??INTVEC 107
           ENTRY                   ADDRESS         REF BY
           =====                   =======         ======
           port0_ISR               00000704 
               interrupt function
               XSTACK = 00000000 ( 0000000F )
    -------------------------------------------------------------------------
NEAR_CODE
  Relative segment, address: CODE 00000758 - 0000075C (0x5 bytes), align: 0
  Segment part 46.            Intra module refs:   port0_ISR
                                                   port1_ISR
                                                   port2_ISR
           LOCAL                   ADDRESS         
           =====                   =======         
           ?Subroutine1            00000758 
    -------------------------------------------------------------------------
NEAR_CODE
  Relative segment, address: CODE 0000075D - 000007B2 (0x56 bytes), align: 0
  Segment part 47.            Intra module refs:   port1_ISR::??INTVEC 123
           ENTRY                   ADDRESS         REF BY
           =====                   =======         ======
           port1_ISR               0000075D 
               interrupt function
               XSTACK = 00000000 ( 0000000F )
    -------------------------------------------------------------------------
NEAR_CODE
  Relative segment, address: CODE 000007B3 - 000007BD (0xb bytes), align: 0
  Segment part 48.            Intra module refs:   port0_ISR
                                                   port1_ISR
                                                   port2_ISR
           LOCAL                   ADDRESS         
           =====                   =======         
           ?Subroutine3            000007B3 
    -------------------------------------------------------------------------
NEAR_CODE
  Relative segment, address: CODE 000007BE - 000007C9 (0xc bytes), align: 0
  Segment part 49.            Intra module refs:   port0_ISR
                                                   port1_ISR
                                                   port2_ISR
           LOCAL                   ADDRESS         
           =====                   =======         
           ?Subroutine2            000007BE 
    -------------------------------------------------------------------------
NEAR_CODE
  Relative segment, address: CODE 000007CA - 00000820 (0x57 bytes), align: 0
  Segment part 50.            Intra module refs:   port2_ISR::??INTVEC 51
           ENTRY                   ADDRESS         REF BY
           =====                   =======         ======
           port2_ISR               000007CA 
               interrupt function
               XSTACK = 00000000 ( 0000000F )
    -------------------------------------------------------------------------
INTVEC
  Common segment, address: CODE 00000000 - 00000035 (0x36 bytes), align: 0
  Segment part 22. ROOT.
           ENTRY                   ADDRESS         REF BY
           =====                   =======         ======
           port2_ISR::??INTVEC 51
                                   00000033 
    -------------------------------------------------------------------------
INTVEC
  Common segment, address: CODE 00000000 - 0000006D (0x6e bytes), align: 0
  Segment part 23. ROOT.
           ENTRY                   ADDRESS         REF BY
           =====                   =======         ======
           port0_ISR::??INTVEC 107
                                   0000006B 
    -------------------------------------------------------------------------
INTVEC
  Common segment, address: CODE 00000000 - 0000007D (0x7e bytes), align: 0
  Segment part 24. ROOT.
           ENTRY                   ADDRESS         REF BY
           =====                   =======         ======
           port1_ISR::??INTVEC 123
                                   0000007B 

    *************************************************************************

  FILE NAME : D:\work\andy2530\3.无线传输质量检测\andy CC2530 BasicRF\ide\srf05_cc2530_91\iar\temp\per_test\hal_int.r51
  PROGRAM MODULE, NAME : hal_int

  SEGMENTS IN THE MODULE
  ======================
NEAR_CODE
  Relative segment, address: CODE 00000821 - 00000823 (0x3 bytes), align: 0
  Segment part 7.
           ENTRY                   ADDRESS         REF BY
           =====                   =======         ======
           halIntOn                00000821        basicRfInit (basic_rf)
                                                   basicRfRxFrmDoneIsr (basic_rf)
                                                   halBoardInit (hal_board)
    -------------------------------------------------------------------------
NEAR_CODE
  Relative segment, address: CODE 00000824 - 00000826 (0x3 bytes), align: 0
  Segment part 8.
           ENTRY                   ADDRESS         REF BY
           =====                   =======         ======
           halIntOff               00000824        basicRfInit (basic_rf)
                                                   basicRfRxFrmDoneIsr (basic_rf)

    *************************************************************************

  FILE NAME : D:\work\andy2530\3.无线传输质量检测\andy CC2530 BasicRF\ide\srf05_cc2530_91\iar\temp\per_test\hal_joystick.r51
  PROGRAM MODULE, NAME : hal_joystick

  SEGMENTS IN THE MODULE
  ======================

    *************************************************************************

  FILE NAME : D:\work\andy2530\3.无线传输质量检测\andy CC2530 BasicRF\ide\srf05_cc2530_91\iar\temp\per_test\hal_lcd_srf05.r51
  PROGRAM MODULE, NAME : hal_lcd_srf05

  SEGMENTS IN THE MODULE
  ======================
SFR_AN
  Relative segment, address: DATA 000000F9 - 000000F9 (0x1 bytes), align: 0
  Segment part 6. ROOT.
           ENTRY                   ADDRESS         REF BY
           =====                   =======         ======
           U1DBUF                  000000F9 
    -------------------------------------------------------------------------
NEAR_CODE
  Relative segment, address: CODE 00000827 - 00000829 (0x3 bytes), align: 0
  Segment part 29.
           ENTRY                   ADDRESS         REF BY
           =====                   =======         ======
           halLcdGetLineLength     00000827        utilPrintLogo (util_lcd)
    -------------------------------------------------------------------------
NEAR_CODE
  Relative segment, address: CODE 0000082A - 0000082A (0x1 bytes), align: 0
  Segment part 51.
           ENTRY                   ADDRESS         REF BY
           =====                   =======         ======
           halLcdCreateSpecChar    0000082A        utilPrintLogo (util_lcd)
    -------------------------------------------------------------------------
NEAR_CODE
  Relative segment, address: CODE 0000082B - 0000082B (0x1 bytes), align: 0
  Segment part 52.
           ENTRY                   ADDRESS         REF BY
           =====                   =======         ======
           halLcdWriteSpecChar     0000082B        utilPrintLogo (util_lcd)

    *************************************************************************

  FILE NAME : D:\work\andy2530\3.无线传输质量检测\andy CC2530 BasicRF\ide\srf05_cc2530_91\iar\temp\per_test\hal_led.r51
  PROGRAM MODULE, NAME : hal_led

  SEGMENTS IN THE MODULE
  ======================
XDATA_Z
  Relative segment, address: XDATA 00000227 - 00000227 (0x1 bytes), align: 0
  Segment part 8.             Intra module refs:   halLedSet
                                                   halLedToggle
           ENTRY                   ADDRESS         REF BY
           =====                   =======         ======
           led4State               00000227 
    -------------------------------------------------------------------------
NEAR_CODE
  Relative segment, address: CODE 0000082C - 00000852 (0x27 bytes), align: 0
  Segment part 9.
           ENTRY                   ADDRESS         REF BY
           =====                   =======         ======
           halLedSet               0000082C        main (per_test)
               ISTACK = 00000000 ( 00000002 )
    -------------------------------------------------------------------------
NEAR_CODE
  Relative segment, address: CODE 00000853 - 00000857 (0x5 bytes), align: 0
  Segment part 10.            Intra module refs:   halLedSet
                                                   halLedToggle
           LOCAL                   ADDRESS         
           =====                   =======         
           ?Subroutine0            00000853 
    -------------------------------------------------------------------------
NEAR_CODE
  Relative segment, address: CODE 00000858 - 00000885 (0x2e bytes), align: 0
  Segment part 12.
           ENTRY                   ADDRESS         REF BY
           =====                   =======         ======
           halLedToggle            00000858        appTransmitter (per_test)
                                                   halAssertHandler (hal_assert)
               ISTACK = 00000000 ( 00000002 )

    *************************************************************************

  FILE NAME : D:\work\andy2530\3.无线传输质量检测\andy CC2530 BasicRF\ide\srf05_cc2530_91\iar\temp\per_test\hal_mcu.r51
  PROGRAM MODULE, NAME : hal_mcu

  SEGMENTS IN THE MODULE
  ======================
SFR_AN
  Relative segment, address: DATA 000000C9 - 000000C9 (0x1 bytes), align: 0
  Segment part 1. ROOT.
           ENTRY                   ADDRESS         REF BY
           =====                   =======         ======
           WDCTL                   000000C9 
    -------------------------------------------------------------------------
NEAR_CODE
  Relative segment, address: CODE 00000886 - 000008A2 (0x1d bytes), align: 0
  Segment part 7.
           ENTRY                   ADDRESS         REF BY
           =====                   =======         ======
           halMcuInit              00000886        halBoardInit (hal_board)
               calls direct
    -------------------------------------------------------------------------
NEAR_CODE
  Relative segment, address: CODE 000008A3 - 000008CD (0x2b bytes), align: 0
  Segment part 8.             Intra module refs:   halMcuWaitMs
           ENTRY                   ADDRESS         REF BY
           =====                   =======         ======
           halMcuWaitUs            000008A3        basicRfSendPacket (basic_rf)
               XSTACK = 00000008 ( 00000000 )
    -------------------------------------------------------------------------
NEAR_CODE
  Relative segment, address: CODE 000008CE - 000008F4 (0x27 bytes), align: 0
  Segment part 9.
           ENTRY                   ADDRESS         REF BY
           =====                   =======         ======
           halMcuWaitMs            000008CE        appTransmitter (per_test)
                                                   halAssertHandler (hal_assert)
                                                   main (per_test)
               calls direct
               XSTACK = 00000000 ( 00000008 )

    *************************************************************************

  FILE NAME : D:\work\andy2530\3.无线传输质量检测\andy CC2530 BasicRF\ide\srf05_cc2530_91\iar\temp\per_test\hal_rf.r51
  PROGRAM MODULE, NAME : hal_rf

  SEGMENTS IN THE MODULE
  ======================
SFR_AN
  Relative segment, address: DATA 00000091 - 00000091 (0x1 bytes), align: 0
  Segment part 2. ROOT.       Intra module refs:   halRfTransmit
                                                   halRfWriteTxBuf
           ENTRY                   ADDRESS         REF BY
           =====                   =======         ======
           RFIRQF1                 00000091 
    -------------------------------------------------------------------------
SFR_AN
  Relative segment, address: DATA 0000009B - 0000009B (0x1 bytes), align: 0
  Segment part 4. ROOT.       Intra module refs:   rfIsr
           ENTRY                   ADDRESS         REF BY
           =====                   =======         ======
           S1CON                   0000009B 
    -------------------------------------------------------------------------
SFR_AN
  Relative segment, address: DATA 000000D9 - 000000D9 (0x1 bytes), align: 0
  Segment part 6. ROOT.       Intra module refs:   halRfReadRxBuf
                                                   halRfWriteTxBuf
           ENTRY                   ADDRESS         REF BY
           =====                   =======         ======
           RFD                     000000D9 
    -------------------------------------------------------------------------
SFR_AN
  Relative segment, address: DATA 000000E1 - 000000E1 (0x1 bytes), align: 0
  Segment part 7. ROOT.       Intra module refs:   halRfReceiveOff
                                                   halRfReceiveOn
                                                   halRfTransmit
                                                   halRfWriteTxBuf
           ENTRY                   ADDRESS         REF BY
           =====                   =======         ======
           RFST                    000000E1 
    -------------------------------------------------------------------------
SFR_AN
  Relative segment, address: DATA 000000E9 - 000000E9 (0x1 bytes), align: 0
  Segment part 8. ROOT.       Intra module refs:   rfIsr
           ENTRY                   ADDRESS         REF BY
           =====                   =======         ======
           RFIRQF0                 000000E9 
    -------------------------------------------------------------------------
XDATA_Z
  Relative segment, address: XDATA 00000228 - 00000229 (0x2 bytes), align: 0
  Segment part 30.            Intra module refs:   halRfRxInterruptConfig
                                                   rfIsr
           LOCAL                   ADDRESS         
           =====                   =======         
           pfISR                   00000228 
    -------------------------------------------------------------------------
XDATA_I
  Relative segment, address: XDATA 0000024E - 0000024E (0x1 bytes), align: 0
  Segment part 31.            Intra module refs:   halRfSetGain
           LOCAL                   ADDRESS         
           =====                   =======         
           rssiOffset              0000024E 
    -------------------------------------------------------------------------
NEAR_CODE
  Relative segment, address: CODE 000008F5 - 00000945 (0x51 bytes), align: 0
  Segment part 35.
           ENTRY                   ADDRESS         REF BY
           =====                   =======         ======
           halRfInit               000008F5        basicRfInit (basic_rf)
                                                   main (per_test)
               calls direct
               ISTACK = 00000000 ( 00000002 )
    -------------------------------------------------------------------------
NEAR_CODE
  Relative segment, address: CODE 00000946 - 0000094C (0x7 bytes), align: 0
  Segment part 36.
           ENTRY                   ADDRESS         REF BY
           =====                   =======         ======
           halRfGetChipId          00000946        utilPrintLogo (util_lcd)
               ISTACK = 00000000 ( 00000002 )
    -------------------------------------------------------------------------
NEAR_CODE
  Relative segment, address: CODE 0000094D - 0000094D (0x1 bytes), align: 0
  Segment part 37.            Intra module refs:   halRfGetChipId
           LOCAL                   ADDRESS         
           =====                   =======         
           ?Subroutine2            0000094D 
    -------------------------------------------------------------------------
NEAR_CODE
  Relative segment, address: CODE 0000094E - 00000950 (0x3 bytes), align: 0
  Segment part 38.            Intra module refs:   ?Subroutine2
                                                   halRfGetChipVer
    -------------------------------------------------------------------------
NEAR_CODE
  Relative segment, address: CODE 00000951 - 0000095D (0xd bytes), align: 0
  Segment part 39.
           ENTRY                   ADDRESS         REF BY
           =====                   =======         ======
           halRfGetChipVer         00000951        utilPrintLogo (util_lcd)
               ISTACK = 00000000 ( 00000002 )
    -------------------------------------------------------------------------
NEAR_CODE
  Relative segment, address: CODE 0000095E - 00000960 (0x3 bytes), align: 0
  Segment part 40.            Intra module refs:   halRfSetPanId
                                                   halRfSetShortAddr
           LOCAL                   ADDRESS         
           =====                   =======         
           ?Subroutine0            0000095E 
    -------------------------------------------------------------------------
NEAR_CODE
  Relative segment, address: CODE 00000961 - 00000961 (0x1 bytes), align: 0
  Segment part 41.            Intra module refs:   ?Subroutine0
                                                   halRfSetChannel
                                                   halRfSetGain
    -------------------------------------------------------------------------
NEAR_CODE
  Relative segment, address: CODE 00000962 - 00000966 (0x5 bytes), align: 0
  Segment part 42.            Intra module refs:   Segment part 38
                                                   Segment part 41
                                                   halRfDisableRxInterrupt
                                                   halRfEnableRxInterrupt
                                                   halRfInit
                                                   halRfReadRxBuf
                                                   halRfRxInterruptConfig
                                                   halRfSetTxPower
                                                   halRfWaitTransceiverReady
    -------------------------------------------------------------------------
NEAR_CODE
  Relative segment, address: CODE 00000967 - 00000976 (0x10 bytes), align: 0
  Segment part 45.
           ENTRY                   ADDRESS         REF BY
           =====                   =======         ======
           halRfSetChannel         00000967        basicRfInit (basic_rf)
               ISTACK = 00000000 ( 00000002 )
    -------------------------------------------------------------------------
NEAR_CODE
  Relative segment, address: CODE 00000977 - 00000980 (0xa bytes), align: 0
  Segment part 46.
           ENTRY                   ADDRESS         REF BY
           =====                   =======         ======
           halRfSetShortAddr       00000977        basicRfInit (basic_rf)
               ISTACK = 00000000 ( 00000002 )
    -------------------------------------------------------------------------
NEAR_CODE
  Relative segment, address: CODE 00000981 - 0000098A (0xa bytes), align: 0
  Segment part 47.
           ENTRY                   ADDRESS         REF BY
           =====                   =======         ======
           halRfSetPanId           00000981        basicRfInit (basic_rf)
               ISTACK = 00000000 ( 00000002 )
    -------------------------------------------------------------------------
NEAR_CODE
  Relative segment, address: CODE 0000098B - 000009BD (0x33 bytes), align: 0
  Segment part 48.
           ENTRY                   ADDRESS         REF BY
           =====                   =======         ======
           halRfSetTxPower         0000098B        appTransmitter (per_test)
               ISTACK = 00000000 ( 00000002 )
    -------------------------------------------------------------------------
NEAR_CODE
  Relative segment, address: CODE 000009BE - 000009E3 (0x26 bytes), align: 0
  Segment part 49.            Intra module refs:   halRfInit
           ENTRY                   ADDRESS         REF BY
           =====                   =======         ======
           halRfSetGain            000009BE 
               ISTACK = 00000000 ( 00000002 )
    -------------------------------------------------------------------------
NEAR_CODE
  Relative segment, address: CODE 000009E4 - 000009FA (0x17 bytes), align: 0
  Segment part 50.
           ENTRY                   ADDRESS         REF BY
           =====                   =======         ======
           halRfWriteTxBuf         000009E4        basicRfSendPacket (basic_rf)
               XSTACK = 00000000 ( 00000009 )
    -------------------------------------------------------------------------
NEAR_CODE
  Relative segment, address: CODE 000009FB - 000009FF (0x5 bytes), align: 0
  Segment part 51.            Intra module refs:   halRfWriteTxBuf
           LOCAL                   ADDRESS         
           =====                   =======         
           ?Subroutine1            000009FB 
    -------------------------------------------------------------------------
NEAR_CODE
  Relative segment, address: CODE 00000A00 - 00000A10 (0x11 bytes), align: 0
  Segment part 53.            Intra module refs:   halRfWriteTxBuf
           LOCAL                   ADDRESS         
           =====                   =======         
           ?Subroutine3            00000A00 
    -------------------------------------------------------------------------
NEAR_CODE
  Relative segment, address: CODE 00000A11 - 00000A29 (0x19 bytes), align: 0
  Segment part 54.
           ENTRY                   ADDRESS         REF BY
           =====                   =======         ======
           halRfReadRxBuf          00000A11        basicRfRxFrmDoneIsr (basic_rf)
               ISTACK = 00000000 ( 00000003 )
    -------------------------------------------------------------------------
NEAR_CODE
  Relative segment, address: CODE 00000A2A - 00000A38 (0xf bytes), align: 0
  Segment part 57.
           ENTRY                   ADDRESS         REF BY
           =====                   =======         ======
           halRfTransmit           00000A2A        basicRfSendPacket (basic_rf)
    -------------------------------------------------------------------------
NEAR_CODE
  Relative segment, address: CODE 00000A39 - 00000A3F (0x7 bytes), align: 0
  Segment part 58.
           ENTRY                   ADDRESS         REF BY
           =====                   =======         ======
           halRfReceiveOn          00000A39        basicRfSendPacket (basic_rf)
    -------------------------------------------------------------------------
NEAR_CODE
  Relative segment, address: CODE 00000A40 - 00000A46 (0x7 bytes), align: 0
  Segment part 59.
           ENTRY                   ADDRESS         REF BY
           =====                   =======         ======
           halRfReceiveOff         00000A40        basicRfReceiveOff (basic_rf)
                                                   basicRfSendPacket (basic_rf)
    -------------------------------------------------------------------------
NEAR_CODE
  Relative segment, address: CODE 00000A47 - 00000A57 (0x11 bytes), align: 0
  Segment part 60.
           ENTRY                   ADDRESS         REF BY
           =====                   =======         ======
           halRfDisableRxInterrupt
                                   00000A47        basicRfRxFrmDoneIsr (basic_rf)
                                                   basicRfSendPacket (basic_rf)
               ISTACK = 00000000 ( 00000002 )
    -------------------------------------------------------------------------
NEAR_CODE
  Relative segment, address: CODE 00000A58 - 00000A68 (0x11 bytes), align: 0
  Segment part 61.            Intra module refs:   halRfInit
           ENTRY                   ADDRESS         REF BY
           =====                   =======         ======
           halRfEnableRxInterrupt
                                   00000A58        basicRfRxFrmDoneIsr (basic_rf)
                                                   basicRfSendPacket (basic_rf)
               ISTACK = 00000000 ( 00000002 )
    -------------------------------------------------------------------------
NEAR_CODE
  Relative segment, address: CODE 00000A69 - 00000A81 (0x19 bytes), align: 0
  Segment part 62.
           ENTRY                   ADDRESS         REF BY
           =====                   =======         ======
           halRfRxInterruptConfig
                                   00000A69        basicRfInit (basic_rf)
               ISTACK = 00000000 ( 00000002 )
    -------------------------------------------------------------------------
NEAR_CODE
  Relative segment, address: CODE 00000A82 - 00000A90 (0xf bytes), align: 0
  Segment part 63.
           ENTRY                   ADDRESS         REF BY
           =====                   =======         ======
           halRfWaitTransceiverReady
                                   00000A82        basicRfSendPacket (basic_rf)
               ISTACK = 00000000 ( 00000002 )
    -------------------------------------------------------------------------
NEAR_CODE
  Relative segment, address: CODE 00000A91 - 00000AC8 (0x38 bytes), align: 0
  Segment part 64.            Intra module refs:   rfIsr::??INTVEC 131
           ENTRY                   ADDRESS         REF BY
           =====                   =======         ======
           rfIsr                   00000A91 
               interrupt function
               XSTACK = 00000000 ( 0000000E )
    -------------------------------------------------------------------------
XDATA_I
  Relative segment, address: XDATA 0000024F - 0000024F (0x1 bytes), align: 0
  Segment part 33.            Intra module refs:   halRfInit
           LOCAL                   ADDRESS         
           =====                   =======         
           halPaLnaInit::fFirst    0000024F 
    -------------------------------------------------------------------------
INTVEC
  Common segment, address: CODE 00000000 - 00000085 (0x86 bytes), align: 0
  Segment part 10. ROOT.
           ENTRY                   ADDRESS         REF BY
           =====                   =======         ======
           rfIsr::??INTVEC 131     00000083 
    -------------------------------------------------------------------------
XDATA_ID
  Relative segment, address: CODE 000000F5 - 000000F5 (0x1 bytes), align: 0
  Segment part 32.            Intra module refs:   rssiOffset
    -------------------------------------------------------------------------
XDATA_ID
  Relative segment, address: CODE 000000F6 - 000000F6 (0x1 bytes), align: 0
  Segment part 34.            Intra module refs:   halPaLnaInit::fFirst

    *************************************************************************

  FILE NAME : D:\work\andy2530\3.无线传输质量检测\andy CC2530 BasicRF\ide\srf05_cc2530_91\iar\temp\per_test\hal_timer_32k.r51
  PROGRAM MODULE, NAME : hal_timer_32k

  SEGMENTS IN THE MODULE
  ======================
SFR_AN
  Relative segment, address: DATA 000000AF - 000000AF (0x1 bytes), align: 0
  Segment part 2. ROOT.       Intra module refs:   halTimer32kInit
           ENTRY                   ADDRESS         REF BY
           =====                   =======         ======
           T1STAT                  000000AF 
    -------------------------------------------------------------------------
SFR_AN
  Relative segment, address: DATA 000000DA - 000000DA (0x1 bytes), align: 0
  Segment part 4. ROOT.       Intra module refs:   halTimer32kInit
           ENTRY                   ADDRESS         REF BY
           =====                   =======         ======
           T1CC0L                  000000DA 
    -------------------------------------------------------------------------
SFR_AN
  Relative segment, address: DATA 000000DB - 000000DB (0x1 bytes), align: 0
  Segment part 5. ROOT.       Intra module refs:   halTimer32kInit
           ENTRY                   ADDRESS         REF BY
           =====                   =======         ======
           T1CC0H                  000000DB 
    -------------------------------------------------------------------------
SFR_AN
  Relative segment, address: DATA 000000E2 - 000000E2 (0x1 bytes), align: 0
  Segment part 6. ROOT.
           ENTRY                   ADDRESS         REF BY
           =====                   =======         ======
           T1CNTL                  000000E2 
    -------------------------------------------------------------------------
SFR_AN
  Relative segment, address: DATA 000000E4 - 000000E4 (0x1 bytes), align: 0
  Segment part 7. ROOT.       Intra module refs:   halTimer32kInit
           ENTRY                   ADDRESS         REF BY
           =====                   =======         ======
           T1CTL                   000000E4 
    -------------------------------------------------------------------------
SFR_AN
  Relative segment, address: DATA 000000E5 - 000000E5 (0x1 bytes), align: 0
  Segment part 8. ROOT.       Intra module refs:   halTimer32kInit
           ENTRY                   ADDRESS         REF BY
           =====                   =======         ======
           T1CCTL0                 000000E5 
    -------------------------------------------------------------------------
XDATA_Z
  Relative segment, address: XDATA 0000022A - 0000022B (0x2 bytes), align: 0
  Segment part 15.            Intra module refs:   T1_ISR
                                                   halTimer32kIntConnect
           LOCAL                   ADDRESS         
           =====                   =======         
           fptr                    0000022A 
    -------------------------------------------------------------------------
NEAR_CODE
  Relative segment, address: CODE 00000AC9 - 00000B01 (0x39 bytes), align: 0
  Segment part 16.
           ENTRY                   ADDRESS         REF BY
           =====                   =======         ======
           halTimer32kInit         00000AC9        appTransmitter (per_test)
               calls direct
               XSTACK = 00000000 ( 00000009 )
    -------------------------------------------------------------------------
NEAR_CODE
  Relative segment, address: CODE 00000B02 - 00000B1C (0x1b bytes), align: 0
  Segment part 18.
           ENTRY                   ADDRESS         REF BY
           =====                   =======         ======
           halTimer32kIntConnect   00000B02        appTransmitter (per_test)
               ISTACK = 00000000 ( 00000002 )
    -------------------------------------------------------------------------
NEAR_CODE
  Relative segment, address: CODE 00000B1D - 00000B3C (0x20 bytes), align: 0
  Segment part 21.            Intra module refs:   T1_ISR::??INTVEC 75
           ENTRY                   ADDRESS         REF BY
           =====                   =======         ======
           T1_ISR                  00000B1D 
               interrupt function
               XSTACK = 00000000 ( 0000000E )
    -------------------------------------------------------------------------
INTVEC
  Common segment, address: CODE 00000000 - 0000004D (0x4e bytes), align: 0
  Segment part 9. ROOT.
           ENTRY                   ADDRESS         REF BY
           =====                   =======         ======
           T1_ISR::??INTVEC 75     0000004B 

    *************************************************************************

  FILE NAME : D:\work\andy2530\3.无线传输质量检测\andy CC2530 BasicRF\ide\srf05_cc2530_91\iar\temp\per_test\per_test.r51
  PROGRAM MODULE, NAME : per_test

  SEGMENTS IN THE MODULE
  ======================
SFR_AN
  Relative segment, address: DATA 00000086 - 00000086 (0x1 bytes), align: 0
  Segment part 1. ROOT.
           ENTRY                   ADDRESS         REF BY
           =====                   =======         ======
           U0CSR                   00000086 
    -------------------------------------------------------------------------
SFR_AN
  Relative segment, address: DATA 000000C1 - 000000C1 (0x1 bytes), align: 0
  Segment part 2. ROOT.
           ENTRY                   ADDRESS         REF BY
           =====                   =======         ======
           U0DBUF                  000000C1 
    -------------------------------------------------------------------------
SFR_AN
  Relative segment, address: DATA 000000C2 - 000000C2 (0x1 bytes), align: 0
  Segment part 3. ROOT.
           ENTRY                   ADDRESS         REF BY
           =====                   =======         ======
           U0BAUD                  000000C2 
    -------------------------------------------------------------------------
SFR_AN
  Relative segment, address: DATA 000000C5 - 000000C5 (0x1 bytes), align: 0
  Segment part 4. ROOT.
           ENTRY                   ADDRESS         REF BY
           =====                   =======         ======
           U0GCR                   000000C5 
    -------------------------------------------------------------------------
XDATA_Z
  Relative segment, address: XDATA 0000022C - 00000231 (0x6 bytes), align: 0
  Segment part 16.            Intra module refs:   appTransmitter
                                                   main
           LOCAL                   ADDRESS         
           =====                   =======         
           basicRfConfig           0000022C 
    -------------------------------------------------------------------------
XDATA_Z
  Relative segment, address: XDATA 00000232 - 0000023B (0xa bytes), align: 0
  Segment part 17.            Intra module refs:   appTransmitter
           LOCAL                   ADDRESS         
           =====                   =======         
           txPacket                00000232 
    -------------------------------------------------------------------------
XDATA_Z
  Relative segment, address: XDATA 0000023C - 0000023C (0x1 bytes), align: 0
  Segment part 18.            Intra module refs:   appTimerISR
                                                   appTransmitter
                                                   main
           LOCAL                   ADDRESS         
           =====                   =======         
           appState                0000023C 
    -------------------------------------------------------------------------
XDATA_Z
  Relative segment, address: XDATA 0000023D - 0000023D (0x1 bytes), align: 0
  Segment part 19.            Intra module refs:   appTransmitter
                                                   main
           LOCAL                   ADDRESS         
           =====                   =======         
           appStarted              0000023D 
    -------------------------------------------------------------------------
NEAR_CODE
  Relative segment, address: CODE 00000B3D - 00000B4B (0xf bytes), align: 0
  Segment part 28.            Intra module refs:   appTransmitter
           LOCAL                   ADDRESS         
           =====                   =======         
           appTimerISR             00000B3D 
               is indirectly called
               ISTACK = 00000000 ( 00000002 )
    -------------------------------------------------------------------------
NEAR_CODE
  Relative segment, address: CODE 00000B4C - 00000C02 (0xb7 bytes), align: 0
  Segment part 29.            Intra module refs:   main
           LOCAL                   ADDRESS         
           =====                   =======         
           appTransmitter          00000B4C 
               calls direct
               XSTACK = 00000000 ( 0000000F )
               ISTACK = 00000000 ( 00000001 )
    -------------------------------------------------------------------------
NEAR_CODE
  Relative segment, address: CODE 00000C03 - 00000C48 (0x46 bytes), align: 0
  Segment part 30.
           ENTRY                   ADDRESS         REF BY
           =====                   =======         ======
           main                    00000C03        ?call_main (?cmain)
               calls direct
[...]
  LIBRARY MODULE, NAME : ?L_ADD_TO_X

  SEGMENTS IN THE MODULE
  ======================
RCODE
  Relative segment, address: CODE 000001AC - 000001BE (0x13 bytes), align: 0
  Segment part 1.
           ENTRY                   ADDRESS         REF BY
           =====                   =======         ======
           ?L_ADD_TO_X             000001AC        appTransmitter (per_test)

    -------------------------------------------------------------------------
  LIBRARY MODULE, NAME : ?L_MOV_X

  SEGMENTS IN THE MODULE
  ======================
RCODE
  Relative segment, address: CODE 000001BF - 000001CD (0xf bytes), align: 0
  Segment part 0.
           ENTRY                   ADDRESS         REF BY
           =====                   =======         ======
           ?L_MOV_X                000001BF        appTransmitter (per_test)

    -------------------------------------------------------------------------
  LIBRARY MODULE, NAME : ?XLOAD_R2345

  SEGMENTS IN THE MODULE
  ======================
RCODE
  Relative segment, address: CODE 000001CE - 000001D9 (0xc bytes), align: 0
  Segment part 0.
           ENTRY                   ADDRESS         REF BY
           =====                   =======         ======
           ?XLOAD_R2345            000001CE        appTransmitter (per_test)
                                                   basicRfInit (basic_rf)

    -------------------------------------------------------------------------
  LIBRARY MODULE, NAME : ?XSTORE_R2345

  SEGMENTS IN THE MODULE
  ======================
RCODE
  Relative segment, address: CODE 000001DA - 000001E5 (0xc bytes), align: 0
  Segment part 0.
           ENTRY                   ADDRESS         REF BY
           =====                   =======         ======
           ?XSTORE_R2345           000001DA        appTransmitter (per_test)
                                                   basicRfInit (basic_rf)

    -------------------------------------------------------------------------
  LIBRARY MODULE, NAME : ?MOVE_LONG8_XDATA_IDATA

  SEGMENTS IN THE MODULE
  ======================
RCODE
  Relative segment, address: CODE 000001E6 - 000001F2 (0xd bytes), align: 0
  Segment part 0.
           ENTRY                   ADDRESS         REF BY
           =====                   =======         ======
           ?MOVE_LONG8_XDATA_IDATA
                                   000001E6        ?PUSH_XSTACK_I (?PUSH_XSTACK_I)

    -------------------------------------------------------------------------
  LIBRARY MODULE, NAME : ?MOVE_LONG8_XDATA_XDATA

  SEGMENTS IN THE MODULE
  ======================
RCODE
  Relative segment, address: CODE 000001F3 - 00000213 (0x21 bytes), align: 0
  Segment part 0.
           ENTRY                   ADDRESS         REF BY
           =====                   =======         ======
           ?MOVE_LONG8_XDATA_XDATA
                                   000001F3        utilPrintLogo (util_lcd)

    -------------------------------------------------------------------------
  LIBRARY MODULE, NAME : ?S_SHL

  SEGMENTS IN THE MODULE
  ======================
RCODE
  Relative segment, address: CODE 00000214 - 00000216 (0x3 bytes), align: 0
  Segment part 0.
           ENTRY                   ADDRESS         REF BY
           =====                   =======         ======
           ?S_SHL                  00000214        halTimer32kInit (hal_timer_32k)
                                                   port0_ISR (hal_digio)
                                                   port1_ISR (hal_digio)
                                                   port2_ISR (hal_digio)
    -------------------------------------------------------------------------
RCODE
  Relative segment, address: CODE 00000217 - 00000219 (0x3 bytes), align: 0
  Segment part 1.             Intra module refs:   Segment part 2
           ENTRY                   ADDRESS         REF BY
           =====                   =======         ======
           ?S_SHL_REW              00000217 
    -------------------------------------------------------------------------
RCODE
  Relative segment, address: CODE 0000021A - 00000226 (0xd bytes), align: 0
  Segment part 2.             Intra module refs:   ?S_SHL
                                                   ?S_SHL_REW

    -------------------------------------------------------------------------
  LIBRARY MODULE, NAME : ?ALLOC_XSTACK8

  SEGMENTS IN THE MODULE
  ======================
RCODE
  Relative segment, address: CODE 00000227 - 0000023C (0x16 bytes), align: 0
  Segment part 0.
           ENTRY                   ADDRESS         REF BY
           =====                   =======         ======
           ?ALLOC_XSTACK8          00000227        utilPrintLogo (util_lcd)

    -------------------------------------------------------------------------
  LIBRARY MODULE, NAME : ?DEALLOC_XSTACK8

  SEGMENTS IN THE MODULE
  ======================
RCODE
  Relative segment, address: CODE 0000023D - 00000256 (0x1a bytes), align: 0
  Segment part 0.
           ENTRY                   ADDRESS         REF BY
           =====                   =======         ======
           ?DEALLOC_XSTACK8        0000023D        utilPrintLogo (util_lcd)

    -------------------------------------------------------------------------
  LIBRARY MODULE, NAME : ?ADD_XSTACK_DISP8

  SEGMENTS IN THE MODULE
  ======================
RCODE
  Relative segment, address: CODE 00000257 - 00000271 (0x1b bytes), align: 0
  Segment part 1.
           ENTRY                   ADDRESS         REF BY
           =====                   =======         ======
           ?ADD_XSTACK_DISP0_8     00000257        ?PUSH_XSTACK_I (?PUSH_XSTACK_I)

    -------------------------------------------------------------------------
  LIBRARY MODULE, NAME : ?XSTACK_DISP8

  SEGMENTS IN THE MODULE
  ======================
RCODE
  Relative segment, address: CODE 00000272 - 0000027B (0xa bytes), align: 0
  Segment part 1.
           ENTRY                   ADDRESS         REF BY
           =====                   =======         ======
           ?XSTACK_DISP0_8         00000272        strncpy (?strncpy)
                                                   utilPrintLogo (util_lcd)

    -------------------------------------------------------------------------
  LIBRARY MODULE, NAME : ?CALL_IND

  SEGMENTS IN THE MODULE
  ======================
RCODE
  Relative segment, address: CODE 0000027C - 0000027D (0x2 bytes), align: 0
  Segment part 0.
           ENTRY                   ADDRESS         REF BY
           =====                   =======         ======
           ?CALL_IND               0000027C        T1_ISR (hal_timer_32k)
                                                   port0_ISR (hal_digio)
                                                   port1_ISR (hal_digio)
                                                   port2_ISR (hal_digio)
                                                   rfIsr (hal_rf)

    -------------------------------------------------------------------------
  LIBRARY MODULE, NAME : ?FUNC_ENTER_XDATA

  SEGMENTS IN THE MODULE
  ======================
RCODE
  Relative segment, address: CODE 0000027E - 000002E3 (0x66 bytes), align: 0
  Segment part 1.
           ENTRY                   ADDRESS         REF BY
           =====                   =======         ======
           ?FUNC_ENTER_XDATA       0000027E        appTransmitter (per_test)
                                                   basicRfSendPacket (basic_rf)
                                                   halMcuWaitMs (hal_mcu)
                                                   halRfWriteTxBuf (hal_rf)
                                                   halTimer32kInit (hal_timer_32k)
                                                   strcat (?strcat)
                                                   strncpy (?strncpy)
                                                   utilPrintLogo (util_lcd)

    -------------------------------------------------------------------------
  LIBRARY MODULE, NAME : ?FUNC_LEAVE_XDATA

  SEGMENTS IN THE MODULE
  ======================
RCODE
  Relative segment, address: CODE 000002E4 - 00000323 (0x40 bytes), align: 0
  Segment part 1.
           ENTRY                   ADDRESS         REF BY
           =====                   =======         ======
           ?FUNC_LEAVE_XDATA       000002E4        ?Subroutine0 (util_lcd)
                                                   ?Subroutine1 (hal_rf)
                                                   basicRfSendPacket (basic_rf)
                                                   halMcuWaitMs (hal_mcu)
                                                   halTimer32kInit (hal_timer_32k)
                                                   strcat (?strcat)
                                                   strncpy (?strncpy)

    -------------------------------------------------------------------------
  LIBRARY MODULE, NAME : ?INTERRUPT_ENTER_XSP

  SEGMENTS IN THE MODULE
  ======================
RCODE
  Relative segment, address: CODE 00000324 - 00000382 (0x5f bytes), align: 0
  Segment part 1.
           ENTRY                   ADDRESS         REF BY
           =====                   =======         ======
           ?INTERRUPT_ENTER_XSP    00000324        T1_ISR (hal_timer_32k)
                                                   port0_ISR (hal_digio)
                                                   port1_ISR (hal_digio)
                                                   port2_ISR (hal_digio)
                                                   rfIsr (hal_rf)

    -------------------------------------------------------------------------
  LIBRARY MODULE, NAME : ?INTERRUPT_LEAVE_XSP

  SEGMENTS IN THE MODULE
  ======================
RCODE
  Relative segment, address: CODE 00000383 - 000003DA (0x58 bytes), align: 0
  Segment part 1.
           ENTRY                   ADDRESS         REF BY
           =====                   =======         ======
           ?INTERRUPT_LEAVE_XSP    00000383        ?Subroutine1 (hal_digio)
                                                   T1_ISR (hal_timer_32k)
                                                   rfIsr (hal_rf)

    -------------------------------------------------------------------------
  LIBRARY MODULE, NAME : ?PUSH_XSTACK_I

  SEGMENTS IN THE MODULE
  ======================
RCODE
  Relative segment, address: CODE 000003DB - 000003DE (0x4 bytes), align: 0
  Segment part 2.
           ENTRY                   ADDRESS         REF BY
           =====                   =======         ======
           ?PUSH_XSTACK_I_TWO      000003DB        utilPrintLogo (util_lcd)
    -------------------------------------------------------------------------
RCODE
  Relative segment, address: CODE 000003DF - 000003EB (0xd bytes), align: 0
  Segment part 4.             Intra module refs:   ?PUSH_XSTACK_I_TWO
           ENTRY                   ADDRESS         REF BY
           =====                   =======         ======
           ?PUSH_XSTACK_I          000003DF 

    -------------------------------------------------------------------------
  LIBRARY MODULE, NAME : ?strcat

  SEGMENTS IN THE MODULE
  ======================
NEAR_CODE
  Relative segment, address: CODE 00000DB0 - 00000DE5 (0x36 bytes), align: 0
  Segment part 6.
           ENTRY                   ADDRESS         REF BY
           =====                   =======         ======
           strcat                  00000DB0        utilPrintLogo (util_lcd)
               XSTACK = 00000000 ( 00000008 )
               ISTACK = 00000000 ( 00000001 )

    -------------------------------------------------------------------------
  LIBRARY MODULE, NAME : ?strlen

  SEGMENTS IN THE MODULE
  ======================
NEAR_CODE
  Relative segment, address: CODE 00000DE6 - 00000E01 (0x1c bytes), align: 0
  Segment part 6.
           ENTRY                   ADDRESS         REF BY
           =====                   =======         ======
           strlen                  00000DE6        utilPrintLogo (util_lcd)
               ISTACK = 00000000 ( 00000002 )

    -------------------------------------------------------------------------
  LIBRARY MODULE, NAME : ?strncpy

  SEGMENTS IN THE MODULE
  ======================
NEAR_CODE
  Relative segment, address: CODE 00000E02 - 00000E64 (0x63 bytes), align: 0
  Segment part 6.
           ENTRY                   ADDRESS         REF BY
           =====                   =======         ======
           strncpy                 00000E02        utilPrintLogo (util_lcd)
               XSTACK = 00000002 ( 00000009 )
               ISTACK = 00000000 ( 00000001 )

    -------------------------------------------------------------------------
  LIBRARY MODULE, NAME : ?low_level_init

  SEGMENTS IN THE MODULE
  ======================
CSTART
  Relative segment, address: CODE 000000E2 - 000000E4 (0x3 bytes), align: 0
  Segment part 6. ROOT.
           ENTRY                   ADDRESS         REF BY
           =====                   =======         ======
           __low_level_init        000000E2        __low_level_init_call (?cmain)




                ****************************************
                *                                      *
                *            MODULE SUMMARY            *
                *                                      *
                ****************************************

Module                    CODE      DATA      XDATA  IDATA    BIT
------                    ----      ----      -----  -----    ---
                         (Rel)  (Rel)  (Abs)  (Rel)  (Rel)  (Rel)
?ADD_XSTACK_DISP8           27
?ALLOC_XSTACK8              22
?CALL_IND                    2
?DEALLOC_XSTACK8            26
?FUNC_ENTER_XDATA          102
?FUNC_LEAVE_XDATA           64
?INTERRUPT_ENTER_XSP        95
?INTERRUPT_LEAVE_XSP        88
?L_ADD_TO_X                 19
?L_MOV_X                    15
?MOVE_LONG8_XDATA_IDATA     13
?MOVE_LONG8_XDATA_XDATA     33
?PUSH_XSTACK_I              17
?S_SHL                      19
?UL_GE_X                    31
?XLOAD_R2345                12
?XSTACK_DISP8               10
?XSTORE_R2345               12
?cexit                       5
?cmain                      72
?low_level_init              3
?strcat                     54
?strlen                     28
?strncpy                    99
CSTARTUP                    15
  + common                   3
VIRTUAL_REGISTERS                   2                           8
adc                                        5
basic_rf                   644                  264
  + shared                                        4
clock                       88             3
  + shared                                 1
hal_assert                  29
hal_board                   47             4
  + shared                                12
hal_digio                  285             8     42
  + shared                 126             5
  + common
hal_int                      6
hal_lcd_srf05                5             1
hal_led                     90                    1
hal_mcu                    111             1
hal_rf                     470             5      4
  + common                 134
hal_timer_32k              116             6      2
  + common                  78
per_test                   287             4     37
util                       159                   55
util_lcd                   331                   76
N/A (command line)                 16           256     64
N/A (alignment)
----------               -----     --     --    ---     --      -
Total:                   3 551     18     55    741     64      8
  + common                 134


                ****************************************
                *                                      *
                *      SEGMENTS IN ADDRESS ORDER       *
                *                                      *
                ****************************************


SEGMENT              SPACE    START ADDRESS   END ADDRESS     SIZE  TYPE  ALIGN
=======              =====    =============   ===========     ====  ====  =====
INTVEC               CODE          00000000 - 00000085          86   com    0
CSTART               CODE          00000086 - 000000E4          5F   rel    0
DATA_ID              CODE               000000E5                     dse    0
BDATA_ID             CODE               000000E5                     dse    0
BIT_ID               CODE               000000E5                     dse    0
IXDATA_ID            CODE               000000E5                     dse    0
PDATA_ID             CODE               000000E5                     dse    0
IDATA_ID             CODE               000000E5                     dse    0
XDATA_ID             CODE          000000E5 - 0000018C          A8   rel    0
RCODE                CODE          0000018D - 000003EB         25F   rel    0
DIFUNCT              CODE               000003EC                     dse    0
CODE_C               CODE               000003EC                     dse    0
CODE_N               CODE               000003EC                     dse    0
NEAR_CODE            CODE          000003EC - 00000E64         A79   rel    0
REGISTERS            DATA          00000000 - 00000007           8   rel    0
VREG                 DATA          00000008 - 0000000F           8   rel    0
PSP                  DATA               00000010                     dse    0
XSP                  DATA          00000010 - 00000011           2   rel    0
BREG                 BIT        00000020.0  -  00000020.7        8   rel    0
SFR_AN               DATA          00000080 - 00000080           1   rel    0
                     DATA          00000086 - 00000086           1 
                     DATA          00000088 - 0000008D           6 
                     DATA          0000008F - 00000091           3 
                     DATA          0000009A - 0000009B           2 
                     DATA          0000009D - 0000009E           2 
                     DATA          000000A0 - 000000A0           1 
                     DATA          000000A8 - 000000A8           1 
                     DATA          000000AB - 000000AC           2 
                     DATA          000000AF - 000000AF           1 
                     DATA          000000B6 - 000000B6           1 
                     DATA          000000B8 - 000000B8           1 
                     DATA          000000BA - 000000BB           2 
                     DATA          000000BE - 000000BE           1 
                     DATA          000000C0 - 000000C2           3 
                     DATA          000000C5 - 000000C6           2 
                     DATA          000000C9 - 000000C9           1 
                     DATA          000000D9 - 000000DB           3 
                     DATA          000000E1 - 000000E2           2 
                     DATA          000000E4 - 000000E5           2 
                     DATA          000000E8 - 000000E9           2 
                     DATA          000000F1 - 000000FF           F 
XSTACK               XDATA         00000001 - 00000100         100   rel    0
XDATA_Z              XDATA         00000101 - 0000023D         13D   rel    0
XDATA_I              XDATA         0000023E - 000002E5          A8   rel    0
ISTACK               IDATA         000000C0 - 000000FF          40   rel    0

                ****************************************
                *                                      *
                *        END OF CROSS REFERENCE        *
                *                                      *
                ****************************************

 3 685 bytes of CODE  memory
    18 bytes of DATA  memory (+ 55 absolute )
   741 bytes of XDATA memory
    64 bytes of IDATA memory
     8 bits  of BIT   memory

Errors: none
Warnings: none

